Archive member included because of file (symbol)

c:/siliconlabs/simplicitystudio/v4/developer/toolchains/gnu_arm/4.9_2015q3/bin/../lib/gcc/arm-none-eabi/4.9.3/../../../../arm-none-eabi/lib/armv6-m\libm.a(lib_a-s_ceil.o)
                              ./radio/sx1272.o (ceil)
c:/siliconlabs/simplicitystudio/v4/developer/toolchains/gnu_arm/4.9_2015q3/bin/../lib/gcc/arm-none-eabi/4.9.3/../../../../arm-none-eabi/lib/armv6-m\libm.a(lib_a-s_floor.o)
                              ./radio/sx1272.o (floor)
c:/siliconlabs/simplicitystudio/v4/developer/toolchains/gnu_arm/4.9_2015q3/bin/../lib/gcc/arm-none-eabi/4.9.3/../../../../arm-none-eabi/lib/armv6-m\libm.a(lib_a-s_round.o)
                              ./boards/rtc-board.o (round)
c:/siliconlabs/simplicitystudio/v4/developer/toolchains/gnu_arm/4.9_2015q3/bin/../lib/gcc/arm-none-eabi/4.9.3/armv6-m\libgcc.a(_udivsi3.o)
                              ./CMSIS/EFM32HG/system_efm32hg.o (__aeabi_uidiv)
c:/siliconlabs/simplicitystudio/v4/developer/toolchains/gnu_arm/4.9_2015q3/bin/../lib/gcc/arm-none-eabi/4.9.3/armv6-m\libgcc.a(_divsi3.o)
                              ./system/fifo.o (__aeabi_idivmod)
c:/siliconlabs/simplicitystudio/v4/developer/toolchains/gnu_arm/4.9_2015q3/bin/../lib/gcc/arm-none-eabi/4.9.3/armv6-m\libgcc.a(_dvmd_tls.o)
                              c:/siliconlabs/simplicitystudio/v4/developer/toolchains/gnu_arm/4.9_2015q3/bin/../lib/gcc/arm-none-eabi/4.9.3/armv6-m\libgcc.a(_udivsi3.o) (__aeabi_idiv0)
c:/siliconlabs/simplicitystudio/v4/developer/toolchains/gnu_arm/4.9_2015q3/bin/../lib/gcc/arm-none-eabi/4.9.3/armv6-m\libgcc.a(_arm_cmpdf2.o)
                              ./system/gps.o (__aeabi_dcmpeq)
c:/siliconlabs/simplicitystudio/v4/developer/toolchains/gnu_arm/4.9_2015q3/bin/../lib/gcc/arm-none-eabi/4.9.3/armv6-m\libgcc.a(_clzsi2.o)
                              ./emlib/em_cmu.o (__clzsi2)
c:/siliconlabs/simplicitystudio/v4/developer/toolchains/gnu_arm/4.9_2015q3/bin/../lib/gcc/arm-none-eabi/4.9.3/armv6-m\libgcc.a(_aeabi_uldivmod.o)
                              ./emlib/em_usart.o (__aeabi_uldivmod)
c:/siliconlabs/simplicitystudio/v4/developer/toolchains/gnu_arm/4.9_2015q3/bin/../lib/gcc/arm-none-eabi/4.9.3/armv6-m\libgcc.a(_muldi3.o)
                              ./emlib/em_usart.o (__aeabi_lmul)
c:/siliconlabs/simplicitystudio/v4/developer/toolchains/gnu_arm/4.9_2015q3/bin/../lib/gcc/arm-none-eabi/4.9.3/armv6-m\libgcc.a(_fixunssfsi.o)
                              ./system/delay.o (__aeabi_f2uiz)
c:/siliconlabs/simplicitystudio/v4/developer/toolchains/gnu_arm/4.9_2015q3/bin/../lib/gcc/arm-none-eabi/4.9.3/armv6-m\libgcc.a(_fixunsdfsi.o)
                              ./mac/LoRaMac.o (__aeabi_d2uiz)
c:/siliconlabs/simplicitystudio/v4/developer/toolchains/gnu_arm/4.9_2015q3/bin/../lib/gcc/arm-none-eabi/4.9.3/armv6-m\libgcc.a(bpabi.o)
                              c:/siliconlabs/simplicitystudio/v4/developer/toolchains/gnu_arm/4.9_2015q3/bin/../lib/gcc/arm-none-eabi/4.9.3/armv6-m\libgcc.a(_aeabi_uldivmod.o) (__gnu_uldivmod_helper)
c:/siliconlabs/simplicitystudio/v4/developer/toolchains/gnu_arm/4.9_2015q3/bin/../lib/gcc/arm-none-eabi/4.9.3/armv6-m\libgcc.a(mulsf3.o)
                              ./system/delay.o (__aeabi_fmul)
c:/siliconlabs/simplicitystudio/v4/developer/toolchains/gnu_arm/4.9_2015q3/bin/../lib/gcc/arm-none-eabi/4.9.3/armv6-m\libgcc.a(subsf3.o)
                              c:/siliconlabs/simplicitystudio/v4/developer/toolchains/gnu_arm/4.9_2015q3/bin/../lib/gcc/arm-none-eabi/4.9.3/armv6-m\libgcc.a(_fixunssfsi.o) (__aeabi_fsub)
c:/siliconlabs/simplicitystudio/v4/developer/toolchains/gnu_arm/4.9_2015q3/bin/../lib/gcc/arm-none-eabi/4.9.3/armv6-m\libgcc.a(fixsfsi.o)
                              c:/siliconlabs/simplicitystudio/v4/developer/toolchains/gnu_arm/4.9_2015q3/bin/../lib/gcc/arm-none-eabi/4.9.3/armv6-m\libgcc.a(_fixunssfsi.o) (__aeabi_f2iz)
c:/siliconlabs/simplicitystudio/v4/developer/toolchains/gnu_arm/4.9_2015q3/bin/../lib/gcc/arm-none-eabi/4.9.3/armv6-m\libgcc.a(adddf3.o)
                              ./system/gps.o (__aeabi_dadd)
c:/siliconlabs/simplicitystudio/v4/developer/toolchains/gnu_arm/4.9_2015q3/bin/../lib/gcc/arm-none-eabi/4.9.3/armv6-m\libgcc.a(divdf3.o)
                              ./system/gps.o (__aeabi_ddiv)
c:/siliconlabs/simplicitystudio/v4/developer/toolchains/gnu_arm/4.9_2015q3/bin/../lib/gcc/arm-none-eabi/4.9.3/armv6-m\libgcc.a(eqdf2.o)
                              c:/siliconlabs/simplicitystudio/v4/developer/toolchains/gnu_arm/4.9_2015q3/bin/../lib/gcc/arm-none-eabi/4.9.3/armv6-m\libgcc.a(_arm_cmpdf2.o) (__eqdf2)
c:/siliconlabs/simplicitystudio/v4/developer/toolchains/gnu_arm/4.9_2015q3/bin/../lib/gcc/arm-none-eabi/4.9.3/armv6-m\libgcc.a(gedf2.o)
                              c:/siliconlabs/simplicitystudio/v4/developer/toolchains/gnu_arm/4.9_2015q3/bin/../lib/gcc/arm-none-eabi/4.9.3/armv6-m\libgcc.a(_arm_cmpdf2.o) (__gedf2)
[...]
Memory Configuration

Name             Origin             Length             Attributes
FLASH            0x00000000         0x00010000         xr
RAM              0x20000000         0x00002000         xrw
*default*        0x00000000         0xffffffff

Linker script and memory map

LOAD c:/siliconlabs/simplicitystudio/v4/developer/toolchains/gnu_arm/4.9_2015q3/bin/../lib/gcc/arm-none-eabi/4.9.3/armv6-m/crti.o
LOAD c:/siliconlabs/simplicitystudio/v4/developer/toolchains/gnu_arm/4.9_2015q3/bin/../lib/gcc/arm-none-eabi/4.9.3/armv6-m/crtbegin.o
LOAD c:/siliconlabs/simplicitystudio/v4/developer/toolchains/gnu_arm/4.9_2015q3/bin/../lib/gcc/arm-none-eabi/4.9.3/../../../../arm-none-eabi/lib/armv6-m/crt0.o
LOAD ./system/crypto/aes.o
LOAD ./system/crypto/cmac.o
LOAD ./system/adc.o
LOAD ./system/delay.o
LOAD ./system/eeprom.o
LOAD ./system/fifo.o
LOAD ./system/gpio.o
LOAD ./system/gps.o
LOAD ./system/i2c.o
LOAD ./system/timer.o
LOAD ./system/uart.o
LOAD ./src/main.o
LOAD ./mac/LoRaMac.o
LOAD ./mac/LoRaMacCrypto.o
LOAD ./emlib/em_system.o
LOAD ./boards/adc-board.o
LOAD ./boards/board.o
LOAD ./boards/eeprom-board.o
LOAD ./boards/gpio-board.o
LOAD ./boards/gps-board.o
LOAD ./boards/i2c-board.o
LOAD ./boards/rtc-board.o
LOAD ./boards/spi-board.o
LOAD ./boards/uart-board.o
LOAD ./boards/uart-usb-board.o
LOAD ./CMSIS/EFM32HG/startup_efm32hg.o
LOAD ./CMSIS/EFM32HG/system_efm32hg.o
LOAD ./boards/sx1272-board.o
LOAD ./boards/utilities.o
LOAD ./emlib/em_cmu.o
LOAD ./emlib/em_emu.o
LOAD ./emlib/em_gpio.o
LOAD ./emlib/em_leuart.o
LOAD ./emlib/em_rtc.o
LOAD ./emlib/em_usart.o
LOAD ./radio/sx1272.o
LOAD c:/siliconlabs/simplicitystudio/v4/developer/toolchains/gnu_arm/4.9_2015q3/bin/../lib/gcc/arm-none-eabi/4.9.3/../../../../arm-none-eabi/lib/armv6-m\libm.a
START GROUP
LOAD c:/siliconlabs/simplicitystudio/v4/developer/toolchains/gnu_arm/4.9_2015q3/bin/../lib/gcc/arm-none-eabi/4.9.3/armv6-m\libgcc.a
LOAD c:/siliconlabs/simplicitystudio/v4/developer/toolchains/gnu_arm/4.9_2015q3/bin/../lib/gcc/arm-none-eabi/4.9.3/../../../../arm-none-eabi/lib/armv6-m\libc_nano.a
LOAD c:/siliconlabs/simplicitystudio/v4/developer/toolchains/gnu_arm/4.9_2015q3/bin/../lib/gcc/arm-none-eabi/4.9.3/../../../../arm-none-eabi/lib/armv6-m\libnosys.a
END GROUP
START GROUP
LOAD c:/siliconlabs/simplicitystudio/v4/developer/toolchains/gnu_arm/4.9_2015q3/bin/../lib/gcc/arm-none-eabi/4.9.3/armv6-m\libgcc.a
LOAD c:/siliconlabs/simplicitystudio/v4/developer/toolchains/gnu_arm/4.9_2015q3/bin/../lib/gcc/arm-none-eabi/4.9.3/../../../../arm-none-eabi/lib/armv6-m\libg_nano.a
LOAD c:/siliconlabs/simplicitystudio/v4/developer/toolchains/gnu_arm/4.9_2015q3/bin/../lib/gcc/arm-none-eabi/4.9.3/../../../../arm-none-eabi/lib/armv6-m\libc_nano.a
END GROUP
START GROUP
LOAD c:/siliconlabs/simplicitystudio/v4/developer/toolchains/gnu_arm/4.9_2015q3/bin/../lib/gcc/arm-none-eabi/4.9.3/armv6-m\libgcc.a
LOAD c:/siliconlabs/simplicitystudio/v4/developer/toolchains/gnu_arm/4.9_2015q3/bin/../lib/gcc/arm-none-eabi/4.9.3/../../../../arm-none-eabi/lib/armv6-m\libc_nano.a
END GROUP
LOAD c:/siliconlabs/simplicitystudio/v4/developer/toolchains/gnu_arm/4.9_2015q3/bin/../lib/gcc/arm-none-eabi/4.9.3/armv6-m/crtend.o
LOAD c:/siliconlabs/simplicitystudio/v4/developer/toolchains/gnu_arm/4.9_2015q3/bin/../lib/gcc/arm-none-eabi/4.9.3/armv6-m/crtn.o

.text           0x00000000     0xed1c
 *(.vectors)
 .vectors       0x00000000       0x94 ./CMSIS/EFM32HG/startup_efm32hg.o
                0x00000000                __Vectors
                0x00000094                __Vectors_End = .
                0x00000094                __Vectors_Size = (__Vectors_End - __Vectors)
                0x00000094                __end__ = .
 *(.text*)
 .text          0x00000094       0x60 c:/siliconlabs/simplicitystudio/v4/developer/toolchains/gnu_arm/4.9_2015q3/bin/../lib/gcc/arm-none-eabi/4.9.3/armv6-m/crtbegin.o
 .text          0x000000f4       0x78 c:/siliconlabs/simplicitystudio/v4/developer/toolchains/gnu_arm/4.9_2015q3/bin/../lib/gcc/arm-none-eabi/4.9.3/../../../../arm-none-eabi/lib/armv6-m/crt0.o
                0x000000f4                _start
                0x000000f4                _mainCRTStartup
 .text.copy_block
                0x0000016c       0xb0 ./system/crypto/aes.o
 .text.copy_block_nn
                0x0000021c       0x34 ./system/crypto/aes.o
 .text.xor_block
                0x00000250      0x16c ./system/crypto/aes.o
 .text.copy_and_key
                0x000003bc      0x16c ./system/crypto/aes.o
 .text.add_round_key
                0x00000528       0x1c ./system/crypto/aes.o
 .text.shift_sub_rows
                0x00000544      0x150 ./system/crypto/aes.o
 .text.mix_sub_columns
                0x00000694      0x450 ./system/crypto/aes.o
 .text.aes_set_key
                0x00000ae4      0x2a0 ./system/crypto/aes.o
                0x00000ae4                aes_set_key
 .text.aes_encrypt
                0x00000d84       0xac ./system/crypto/aes.o
                0x00000d84                aes_encrypt
 .text.AES_CMAC_Init
                0x00000e30       0x34 ./system/crypto/cmac.o
                0x00000e30                AES_CMAC_Init
 .text.AES_CMAC_SetKey
                0x00000e64       0x20 ./system/crypto/cmac.o
                0x00000e64                AES_CMAC_SetKey
 .text.AES_CMAC_Update
                0x00000e84      0x190 ./system/crypto/cmac.o
                0x00000e84                AES_CMAC_Update
 .text.AES_CMAC_Final
                0x00001014      0x310 ./system/crypto/cmac.o
                0x00001014                AES_CMAC_Final
 .text.DelayMs  0x00001324       0x18 ./system/delay.o
                0x00001324                DelayMs
 .text.GpioInit
                0x0000133c       0x58 ./system/gpio.o
                0x0000133c                GpioInit
 .text.GpioSetInterrupt
                0x00001394       0x48 ./system/gpio.o
                0x00001394                GpioSetInterrupt
 .text.GpioWrite
                0x000013dc       0x2c ./system/gpio.o
                0x000013dc                GpioWrite
 .text.TimerInit
                0x00001408       0x30 ./system/timer.o
                0x00001408                TimerInit
 .text.TimerStart
                0x00001438       0xc0 ./system/timer.o
                0x00001438                TimerStart
 .text.TimerInsertTimer
                0x000014f8       0xd4 ./system/timer.o
 .text.TimerInsertNewHeadTimer
                0x000015cc       0x50 ./system/timer.o
 .text.TimerIrqHandler
                0x0000161c       0xb0 ./system/timer.o
                0x0000161c                TimerIrqHandler
 .text.TimerStop
                0x000016cc      0x144 ./system/timer.o
                0x000016cc                TimerStop
 .text.TimerExists
                0x00001810       0x38 ./system/timer.o
 .text.TimerSetValue
                0x00001848       0x24 ./system/timer.o
                0x00001848                TimerSetValue
 .text.TimerGetValue
                0x0000186c       0x10 ./system/timer.o
                0x0000186c                TimerGetValue
 .text.TimerGetCurrentTime
                0x0000187c       0x10 ./system/timer.o
                0x0000187c                TimerGetCurrentTime
 .text.TimerGetElapsedTime
                0x0000188c       0x1c ./system/timer.o
                0x0000188c                TimerGetElapsedTime
 .text.TimerSetTimeout
                0x000018a8       0x34 ./system/timer.o
 .text.TimerLowPowerHandler
                0x000018dc       0x50 ./system/timer.o
                0x000018dc                TimerLowPowerHandler
 .text.PrepareTxFrame
                0x0000192c       0x38 ./src/main.o
 .text.SendFrame
                0x00001964       0x80 ./src/main.o
 .text.OnTxNextPacketTimerEvent
                0x000019e4       0x5c ./src/main.o
 .text.McpsConfirm
                0x00001a40       0x18 ./src/main.o
 .text.McpsIndication
                0x00001a58       0x10 ./src/main.o
 .text.MlmeConfirm
                0x00001a68       0x34 ./src/main.o
 .text.main     0x00001a9c      0x230 ./src/main.o
                0x00001a9c                main
 .text.OnRadioTxDone
                0x00001ccc      0x168 ./mac/LoRaMac.o
 .text.PrepareRxDoneAbort
                0x00001e34       0x74 ./mac/LoRaMac.o
 .text.OnRadioRxDone
                0x00001ea8      0xa74 ./mac/LoRaMac.o
 .text.OnRadioTxTimeout
                0x0000291c       0x48 ./mac/LoRaMac.o
 .text.OnRadioRxError
                0x00002964       0x60 ./mac/LoRaMac.o
 .text.OnRadioRxTimeout
                0x000029c4       0x60 ./mac/LoRaMac.o
 .text.OnMacStateCheckTimerEvent
                0x00002a24      0x458 ./mac/LoRaMac.o
 .text.OnTxDelayedTimerEvent
                0x00002e7c       0xb4 ./mac/LoRaMac.o
 .text.OnRxWindow1TimerEvent
                0x00002f30       0xd8 ./mac/LoRaMac.o
 .text.OnRxWindow2TimerEvent
                0x00003008       0xb8 ./mac/LoRaMac.o
 .text.OnAckTimeoutTimerEvent
                0x000030c0       0x58 ./mac/LoRaMac.o
 .text.SetNextChannel
                0x00003118      0x3c0 ./mac/LoRaMac.o
 .text.RxWindowSetup
                0x000034d8      0x1c0 ./mac/LoRaMac.o
 .text.Rx2FreqInRange
                0x00003698       0x28 ./mac/LoRaMac.o
 .text.ValidatePayloadLength
                0x000036c0       0xa0 ./mac/LoRaMac.o
 .text.CountBits
                0x00003760       0x80 ./mac/LoRaMac.o
 .text.ValidateDatarate
                0x000037e0      0x114 ./mac/LoRaMac.o
 .text.LimitTxPower
                0x000038f4       0x44 ./mac/LoRaMac.o
 .text.ValueInRange
                0x00003938       0x4c ./mac/LoRaMac.o
 .text.DisableChannelInMask
                0x00003984       0x7c ./mac/LoRaMac.o
 .text.AdrNextDr
                0x00003a00       0xdc ./mac/LoRaMac.o
 .text.AddMacCommand
                0x00003adc      0x24c ./mac/LoRaMac.o
 .text.ParseMacCommandsToRepeat
                0x00003d28      0x11c ./mac/LoRaMac.o
 .text.ProcessMacCommands
                0x00003e44      0x82c ./mac/LoRaMac.o
 .text.Send     0x00004670       0xe8 ./mac/LoRaMac.o
                0x00004670                Send
 .text.ScheduleTx
                0x00004758       0xb8 ./mac/LoRaMac.o
 .text.JoinDutyCycle
                0x00004810       0x84 ./mac/LoRaMac.o
 .text.CalculateBackOff
                0x00004894      0x124 ./mac/LoRaMac.o
 .text.AlternateDatarate
                0x000049b8       0xb0 ./mac/LoRaMac.o
 .text.ResetMacParameters
                0x00004a68      0x154 ./mac/LoRaMac.o
 .text.PrepareFrame
                0x00004bbc      0x638 ./mac/LoRaMac.o
                0x00004bbc                PrepareFrame
 .text.SendFrameOnChannel
                0x000051f4      0x2bc ./mac/LoRaMac.o
                0x000051f4                SendFrameOnChannel
 .text.LoRaMacInitialization
                0x000054b0      0x1f0 ./mac/LoRaMac.o
                0x000054b0                LoRaMacInitialization
 .text.LoRaMacQueryTxPossible
                0x000056a0      0x110 ./mac/LoRaMac.o
                0x000056a0                LoRaMacQueryTxPossible
 .text.LoRaMacMibGetRequestConfirm
                0x000057b0      0x19c ./mac/LoRaMac.o
                0x000057b0                LoRaMacMibGetRequestConfirm
 .text.LoRaMacMibSetRequestConfirm
                0x0000594c      0x2d0 ./mac/LoRaMac.o
                0x0000594c                LoRaMacMibSetRequestConfirm
 .text.LoRaMacChannelAdd
                0x00005c1c      0x2e0 ./mac/LoRaMac.o
                0x00005c1c                LoRaMacChannelAdd
 .text.LoRaMacChannelRemove
                0x00005efc       0x90 ./mac/LoRaMac.o
                0x00005efc                LoRaMacChannelRemove
 .text.LoRaMacMcpsRequest
                0x00005f8c      0x1ec ./mac/LoRaMac.o
                0x00005f8c                LoRaMacMcpsRequest
 .text.LoRaMacComputeMic
                0x00006178       0xf0 ./mac/LoRaMacCrypto.o
                0x00006178                LoRaMacComputeMic
 .text.LoRaMacPayloadEncrypt
                0x00006268      0x1dc ./mac/LoRaMacCrypto.o
                0x00006268                LoRaMacPayloadEncrypt
 .text.LoRaMacPayloadDecrypt
                0x00006444       0x3c ./mac/LoRaMacCrypto.o
                0x00006444                LoRaMacPayloadDecrypt
 .text.LoRaMacJoinComputeMic
                0x00006480       0x7c ./mac/LoRaMacCrypto.o
                0x00006480                LoRaMacJoinComputeMic
 .text.LoRaMacJoinDecrypt
                0x000064fc       0x6c ./mac/LoRaMacCrypto.o
                0x000064fc                LoRaMacJoinDecrypt
 .text.LoRaMacJoinComputeSKeys
                0x00006568       0xd0 ./mac/LoRaMacCrypto.o
                0x00006568                LoRaMacJoinComputeSKeys
 .text.assert_failed
                0x00006638       0x20 ./boards/board.o
                0x00006638                assert_failed
 .text.OnCalibrateSystemWakeupTimeTimerEvent
                0x00006658       0x14 ./boards/board.o
 .text.BoardDisableIrq
                0x0000666c       0x1c ./boards/board.o
                0x0000666c                BoardDisableIrq
 .text.BoardEnableIrq
                0x00006688       0x24 ./boards/board.o
                0x00006688                BoardEnableIrq
 .text.BoardInitPeriph
                0x000066ac       0x54 ./boards/board.o
                0x000066ac                BoardInitPeriph
 .text.BoardInitMcu
                0x00006700       0x5c ./boards/board.o
                0x00006700                BoardInitMcu
 .text.BoardGetRandomSeed
                0x0000675c       0x1c ./boards/board.o
                0x0000675c                BoardGetRandomSeed
 .text.CalibrateSystemWakeupTime
                0x00006778       0x58 ./boards/board.o
 .text.SysTick_Handler
                0x000067d0       0x18 ./boards/board.o
                0x000067d0                SysTick_Handler
 .text.GetBoardPowerSource
                0x000067e8        0xc ./boards/board.o
                0x000067e8                GetBoardPowerSource
 .text.NVIC_EnableIRQ
                0x000067f4       0x2c ./boards/gpio-board.o
 .text.NVIC_SetPriority
                0x00006820       0xd4 ./boards/gpio-board.o
 .text.GPIO_IntClear
                0x000068f4       0x1c ./boards/gpio-board.o
 .text.GPIO_IntGet
                0x00006910       0x18 ./boards/gpio-board.o
 .text.GPIO_PinOutClear
                0x00006928       0x5c ./boards/gpio-board.o
 .text.GPIO_PinOutSet
                0x00006984       0x5c ./boards/gpio-board.o
 .text.GPIO_IntConfig
                0x000069e0       0x48 ./boards/gpio-board.o
 .text.GpioMcuInit
                0x00006a28       0xcc ./boards/gpio-board.o
                0x00006a28                GpioMcuInit
 .text.GpioMcuSetInterrupt
                0x00006af4      0x110 ./boards/gpio-board.o
                0x00006af4                GpioMcuSetInterrupt
 .text.GpioMcuWrite
                0x00006c04       0x6c ./boards/gpio-board.o
                0x00006c04                GpioMcuWrite
 .text.GPIO_ODD_IRQHandler
                0x00006c70       0x68 ./boards/gpio-board.o
                0x00006c70                GPIO_ODD_IRQHandler
 .text.GPIO_EVEN_IRQHandler
                0x00006cd8       0x54 ./boards/gpio-board.o
                0x00006cd8                GPIO_EVEN_IRQHandler
 .text.NVIC_EnableIRQ
                0x00006d2c       0x2c ./boards/rtc-board.o
 .text.NVIC_ClearPendingIRQ
                0x00006d58       0x2c ./boards/rtc-board.o
 .text.NVIC_SetPriority
                0x00006d84       0xd4 ./boards/rtc-board.o
 .text.RTC_IntClear
                0x00006e58       0x18 ./boards/rtc-board.o
 .text.RTC_IntDisable
                0x00006e70       0x20 ./boards/rtc-board.o
 .text.RTC_IntEnable
                0x00006e90       0x20 ./boards/rtc-board.o
 .text.RTC_IntGet
                0x00006eb0       0x14 ./boards/rtc-board.o
 .text.EMU_EnterEM1
                0x00006ec4       0x1c ./boards/rtc-board.o
 .text.RtcInit  0x00006ee0      0x130 ./boards/rtc-board.o
                0x00006ee0                RtcInit
 .text.RtcSetTimeout
                0x00007010      0x1a4 ./boards/rtc-board.o
                0x00007010                RtcSetTimeout
 .text.RtcGetAdjustedTimeoutValue
                0x000071b4       0x54 ./boards/rtc-board.o
                0x000071b4                RtcGetAdjustedTimeoutValue
 .text.RtcGetTimerValue
                0x00007208       0x78 ./boards/rtc-board.o
                0x00007208                RtcGetTimerValue
 .text.RtcGetElapsedAlarmTime
                0x00007280       0x40 ./boards/rtc-board.o
                0x00007280                RtcGetElapsedAlarmTime
 .text.RtcComputeElapsedTime
                0x000072c0       0x48 ./boards/rtc-board.o
                0x000072c0                RtcComputeElapsedTime
 .text.RtcEnterLowPowerStopMode
                0x00007308       0x2c ./boards/rtc-board.o
                0x00007308                RtcEnterLowPowerStopMode
 .text.RTC_IRQHandler
                0x00007334       0x4c ./boards/rtc-board.o
                0x00007334                RTC_IRQHandler
 .text.HAL_Delay
                0x00007380       0x28 ./boards/rtc-board.o
                0x00007380                HAL_Delay
 .text.SpiInit  0x000073a8      0x140 ./boards/spi-board.o
                0x000073a8                SpiInit
 .text.SpiFormat
                0x000074e8       0x58 ./boards/spi-board.o
                0x000074e8                SpiFormat
 .text.SpiFrequency
                0x00007540       0x18 ./boards/spi-board.o
                0x00007540                SpiFrequency
 .text.SpiInOut
                0x00007558       0x3c ./boards/spi-board.o
                0x00007558                SpiInOut
 .text          0x00007594       0x30 ./CMSIS/EFM32HG/startup_efm32hg.o
                0x00007594                Reset_Handler
                0x000075c0                USART0_TX_IRQHandler
                0x000075c0                I2C0_IRQHandler
                0x000075c0                HardFault_Handler
                0x000075c0                USART1_RX_IRQHandler
                0x000075c0                PendSV_Handler
                0x000075c0                NMI_Handler
                0x000075c0                USART1_TX_IRQHandler
                0x000075c0                MSC_IRQHandler
                0x000075c0                ADC0_IRQHandler
                0x000075c0                LEUART0_IRQHandler
                0x000075c0                TIMER0_IRQHandler
                0x000075c0                TIMER2_IRQHandler
                0x000075c0                TIMER1_IRQHandler
                0x000075c0                Default_Handler
                0x000075c0                PCNT0_IRQHandler
                0x000075c0                USB_IRQHandler
                0x000075c0                ACMP0_IRQHandler
                0x000075c0                USART0_RX_IRQHandler
                0x000075c0                SVC_Handler
                0x000075c0                CMU_IRQHandler
                0x000075c0                AES_IRQHandler
                0x000075c0                VCMP_IRQHandler
                0x000075c0                DMA_IRQHandler
 .text.SystemCoreClockGet
                0x000075c4       0x38 ./CMSIS/EFM32HG/system_efm32hg.o
                0x000075c4                SystemCoreClockGet
 .text.SystemMaxCoreClockGet
                0x000075fc       0x10 ./CMSIS/EFM32HG/system_efm32hg.o
                0x000075fc                SystemMaxCoreClockGet
 .text.SystemHFClockGet
                0x0000760c      0x100 ./CMSIS/EFM32HG/system_efm32hg.o
                0x0000760c                SystemHFClockGet
 .text.SystemInit
                0x0000770c        0x8 ./CMSIS/EFM32HG/system_efm32hg.o
                0x0000770c                SystemInit
 .text.SystemLFRCOClockGet
                0x00007714       0x10 ./CMSIS/EFM32HG/system_efm32hg.o
                0x00007714                SystemLFRCOClockGet
 .text.SystemULFRCOClockGet
                0x00007724       0x10 ./CMSIS/EFM32HG/system_efm32hg.o
                0x00007724                SystemULFRCOClockGet
 .text.SystemLFXOClockGet
                0x00007734       0x14 ./CMSIS/EFM32HG/system_efm32hg.o
                0x00007734                SystemLFXOClockGet
 .text.SX1272IoInit
                0x00007748       0xc0 ./boards/sx1272-board.o
                0x00007748                SX1272IoInit
 .text.SX1272IoIrqInit
                0x00007808       0x90 ./boards/sx1272-board.o
                0x00007808                SX1272IoIrqInit
 .text.SX1272SetRfTxPower
                0x00007898      0x1c8 ./boards/sx1272-board.o
                0x00007898                SX1272SetRfTxPower
 .text.SX1272GetPaSelect
                0x00007a60       0x14 ./boards/sx1272-board.o
                0x00007a60                SX1272GetPaSelect
 .text.SX1272SetAntSwLowPower
                0x00007a74       0x44 ./boards/sx1272-board.o
                0x00007a74                SX1272SetAntSwLowPower
 .text.SX1272AntSwInit
                0x00007ab8       0x40 ./boards/sx1272-board.o
                0x00007ab8                SX1272AntSwInit
 .text.SX1272AntSwDeInit
                0x00007af8       0x40 ./boards/sx1272-board.o
                0x00007af8                SX1272AntSwDeInit
 .text.SX1272SetAntSw
                0x00007b38       0x50 ./boards/sx1272-board.o
                0x00007b38                SX1272SetAntSw
 .text.SX1272CheckRfFrequency
                0x00007b88       0x14 ./boards/sx1272-board.o
                0x00007b88                SX1272CheckRfFrequency
 .text.rand1    0x00007b9c       0x38 ./boards/utilities.o
                0x00007b9c                rand1
 .text.srand1   0x00007bd4       0x18 ./boards/utilities.o
                0x00007bd4                srand1
 .text.randr    0x00007bec       0x30 ./boards/utilities.o
                0x00007bec                randr
 .text.memcpy1  0x00007c1c       0x34 ./boards/utilities.o
                0x00007c1c                memcpy1
 .text.memcpyr  0x00007c50       0x40 ./boards/utilities.o
                0x00007c50                memcpyr
 .text.memset1  0x00007c90       0x3c ./boards/utilities.o
                0x00007c90                memset1
 .text.BUS_RegBitWrite
                0x00007ccc       0x3c ./emlib/em_cmu.o
 .text.BUS_RegBitRead
                0x00007d08       0x20 ./emlib/em_cmu.o
 .text.CMU_DivToLog2
                0x00007d28       0x34 ./emlib/em_cmu.o
 .text.SYSTEM_GetProdRev
                0x00007d5c       0x18 ./emlib/em_cmu.o
 .text.auxClkGet
                0x00007d74       0xb0 ./emlib/em_cmu.o
 .text.dbgClkGet
                0x00007e24       0x48 ./emlib/em_cmu.o
 .text.flashWaitStateControl
                0x00007e6c       0x78 ./emlib/em_cmu.o
 .text.flashWaitStateMax
                0x00007ee4       0x14 ./emlib/em_cmu.o
 .text.lfClkGet
                0x00007ef8       0xf8 ./emlib/em_cmu.o
 .text.syncReg  0x00007ff0       0x2c ./emlib/em_cmu.o
 .text.usbCClkGet
                0x0000801c       0x58 ./emlib/em_cmu.o
 .text.CMU_ClockDivSet
                0x00008074      0x158 ./emlib/em_cmu.o
                0x00008074                CMU_ClockDivSet
 .text.CMU_ClockEnable
                0x000081cc       0xb4 ./emlib/em_cmu.o
                0x000081cc                CMU_ClockEnable
 .text.CMU_ClockFreqGet
                0x00008280      0x140 ./emlib/em_cmu.o
                0x00008280                CMU_ClockFreqGet
 .text.CMU_ClockSelectGet
                0x000083c0      0x1dc ./emlib/em_cmu.o
                0x000083c0                CMU_ClockSelectGet
 .text.CMU_ClockSelectSet
                0x0000859c      0x240 ./emlib/em_cmu.o
                0x0000859c                CMU_ClockSelectSet
 .text.CMU_OscillatorEnable
                0x000087dc       0xd8 ./emlib/em_cmu.o
                0x000087dc                CMU_OscillatorEnable
 .text.EMU_UpdateOscConfig
                0x000088b4       0x18 ./emlib/em_emu.o
                0x000088b4                EMU_UpdateOscConfig
 .text.BUS_RegBitWrite
                0x000088cc       0x3c ./emlib/em_gpio.o
 .text.BUS_RegMaskedWrite
                0x00008908       0x24 ./emlib/em_gpio.o
 .text.GPIO_PinOutClear
                0x0000892c       0x5c ./emlib/em_gpio.o
 .text.GPIO_PinOutSet
                0x00008988       0x5c ./emlib/em_gpio.o
 .text.GPIO_ExtIntConfig
                0x000089e4      0x108 ./emlib/em_gpio.o
                0x000089e4                GPIO_ExtIntConfig
 .text.GPIO_PinModeSet
                0x00008aec      0x15c ./emlib/em_gpio.o
                0x00008aec                GPIO_PinModeSet
 .text.BUS_RegBitWrite
                0x00008c48       0x3c ./emlib/em_rtc.o
 .text.RTC_CompareSet
                0x00008c84       0x48 ./emlib/em_rtc.o
                0x00008c84                RTC_CompareSet
 .text.RTC_Enable
                0x00008ccc       0x28 ./emlib/em_rtc.o
                0x00008ccc                RTC_Enable
 .text.RTC_Init
                0x00008cf4       0x4c ./emlib/em_rtc.o
                0x00008cf4                RTC_Init
 .text.RTC_CounterReset
                0x00008d40       0x14 ./emlib/em_rtc.o
                0x00008d40                RTC_CounterReset
 .text.BUS_RegMaskedWrite
                0x00008d54       0x24 ./emlib/em_usart.o
 .text.USART_BaudrateSyncSet
                0x00008d78       0x7c ./emlib/em_usart.o
                0x00008d78                USART_BaudrateSyncSet
 .text.USART_InitSync
                0x00008df4       0xc8 ./emlib/em_usart.o
                0x00008df4                USART_InitSync
 .text.USART_Reset
                0x00008ebc       0x98 ./emlib/em_usart.o
                0x00008ebc                USART_Reset
 .text.USART_SpiTransfer
                0x00008f54       0x3c ./emlib/em_usart.o
                0x00008f54                USART_SpiTransfer
 .text.SX1272Init
                0x00008f90       0xdc ./radio/sx1272.o
                0x00008f90                SX1272Init
 .text.SX1272GetStatus
                0x0000906c       0x14 ./radio/sx1272.o
                0x0000906c                SX1272GetStatus
 .text.SX1272SetChannel
                0x00009080       0x6c ./radio/sx1272.o
                0x00009080                SX1272SetChannel
 .text.SX1272IsChannelFree
                0x000090ec       0x74 ./radio/sx1272.o
                0x000090ec                SX1272IsChannelFree
 .text.SX1272Random
                0x00009160       0x68 ./radio/sx1272.o
                0x00009160                SX1272Random
 .text.GetFskBandwidthRegValue
                0x000091c8       0x70 ./radio/sx1272.o
 .text.SX1272SetRxConfig
                0x00009238      0x3f0 ./radio/sx1272.o
                0x00009238                SX1272SetRxConfig
 .text.SX1272SetTxConfig
                0x00009628      0x39c ./radio/sx1272.o
                0x00009628                SX1272SetTxConfig
 .text.SX1272GetTimeOnAir
                0x000099c4      0x348 ./radio/sx1272.o
                0x000099c4                SX1272GetTimeOnAir
 .text.SX1272Send
                0x00009d0c      0x194 ./radio/sx1272.o
                0x00009d0c                SX1272Send
 .text.SX1272SetSleep
                0x00009ea0       0x34 ./radio/sx1272.o
                0x00009ea0                SX1272SetSleep
 .text.SX1272SetStby
                0x00009ed4       0x34 ./radio/sx1272.o
                0x00009ed4                SX1272SetStby
 .text.SX1272SetRx
                0x00009f08      0x2dc ./radio/sx1272.o
                0x00009f08                SX1272SetRx
 .text.SX1272SetTx
                0x0000a1e4      0x104 ./radio/sx1272.o
                0x0000a1e4                SX1272SetTx
 .text.SX1272StartCad
                0x0000a2e8       0x50 ./radio/sx1272.o
                0x0000a2e8                SX1272StartCad
 .text.SX1272SetTxContinuousWave
                0x0000a338       0xe0 ./radio/sx1272.o
                0x0000a338                SX1272SetTxContinuousWave
 .text.SX1272ReadRssi
                0x0000a418       0x70 ./radio/sx1272.o
                0x0000a418                SX1272ReadRssi
 .text.SX1272Reset
                0x0000a488       0x48 ./radio/sx1272.o
                0x0000a488                SX1272Reset
 .text.SX1272SetOpMode
                0x0000a4d0       0x58 ./radio/sx1272.o
                0x0000a4d0                SX1272SetOpMode
 .text.SX1272SetModem
                0x0000a528       0xd8 ./radio/sx1272.o
                0x0000a528                SX1272SetModem
 .text.SX1272Write
                0x0000a600       0x28 ./radio/sx1272.o
                0x0000a600                SX1272Write
 .text.SX1272Read
                0x0000a628       0x2c ./radio/sx1272.o
                0x0000a628                SX1272Read
 .text.SX1272WriteBuffer
                0x0000a654       0x90 ./radio/sx1272.o
                0x0000a654                SX1272WriteBuffer
 .text.SX1272ReadBuffer
                0x0000a6e4       0x90 ./radio/sx1272.o
                0x0000a6e4                SX1272ReadBuffer
 .text.SX1272WriteFifo
                0x0000a774       0x24 ./radio/sx1272.o
                0x0000a774                SX1272WriteFifo
 .text.SX1272ReadFifo
                0x0000a798       0x24 ./radio/sx1272.o
                0x0000a798                SX1272ReadFifo
 .text.SX1272SetMaxPayloadLength
                0x0000a7bc       0x64 ./radio/sx1272.o
                0x0000a7bc                SX1272SetMaxPayloadLength
 .text.SX1272SetPublicNetwork
                0x0000a820       0x34 ./radio/sx1272.o
                0x0000a820                SX1272SetPublicNetwork
 .text.SX1272OnTimeoutIrq
                0x0000a854       0xe0 ./radio/sx1272.o
                0x0000a854                SX1272OnTimeoutIrq
 .text.SX1272OnDio0Irq
                0x0000a934      0x46c ./radio/sx1272.o
                0x0000a934                SX1272OnDio0Irq
 .text.SX1272OnDio1Irq
                0x0000ada0      0x1f8 ./radio/sx1272.o
                0x0000ada0                SX1272OnDio1Irq
 .text.SX1272OnDio2Irq
                0x0000af98      0x188 ./radio/sx1272.o
                0x0000af98                SX1272OnDio2Irq
 .text.SX1272OnDio3Irq
                0x0000b120       0x80 ./radio/sx1272.o
                0x0000b120                SX1272OnDio3Irq
 .text.SX1272OnDio4Irq
                0x0000b1a0       0x34 ./radio/sx1272.o
                0x0000b1a0                SX1272OnDio4Irq
 .text.ceil     0x0000b1d4      0x148 c:/siliconlabs/simplicitystudio/v4/developer/toolchains/gnu_arm/4.9_2015q3/bin/../lib/gcc/arm-none-eabi/4.9.3/../../../../arm-none-eabi/lib/armv6-m\libm.a(lib_a-s_ceil.o)
                0x0000b1d4                ceil
 .text.floor    0x0000b31c      0x14c c:/siliconlabs/simplicitystudio/v4/developer/toolchains/gnu_arm/4.9_2015q3/bin/../lib/gcc/arm-none-eabi/4.9.3/../../../../arm-none-eabi/lib/armv6-m\libm.a(lib_a-s_floor.o)
                0x0000b31c                floor
 .text.round    0x0000b468       0xac c:/siliconlabs/simplicitystudio/v4/developer/toolchains/gnu_arm/4.9_2015q3/bin/../lib/gcc/arm-none-eabi/4.9.3/../../../../arm-none-eabi/lib/armv6-m\libm.a(lib_a-s_round.o)
                0x0000b468                round
 .text          0x0000b514      0x120 c:/siliconlabs/simplicitystudio/v4/developer/toolchains/gnu_arm/4.9_2015q3/bin/../lib/gcc/arm-none-eabi/4.9.3/armv6-m\libgcc.a(_udivsi3.o)
                0x0000b514                __aeabi_uidiv
                0x0000b514                __udivsi3
                0x0000b620                __aeabi_uidivmod
 .text          0x0000b634      0x1e0 c:/siliconlabs/simplicitystudio/v4/developer/toolchains/gnu_arm/4.9_2015q3/bin/../lib/gcc/arm-none-eabi/4.9.3/armv6-m\libgcc.a(_divsi3.o)
                0x0000b634                __divsi3
                0x0000b634                __aeabi_idiv
                0x0000b800                __aeabi_idivmod
 .text          0x0000b814        0x4 c:/siliconlabs/simplicitystudio/v4/developer/toolchains/gnu_arm/4.9_2015q3/bin/../lib/gcc/arm-none-eabi/4.9.3/armv6-m\libgcc.a(_dvmd_tls.o)
                0x0000b814                __aeabi_idiv0
                0x0000b814                __aeabi_ldiv0
 .text          0x0000b818       0x7c c:/siliconlabs/simplicitystudio/v4/developer/toolchains/gnu_arm/4.9_2015q3/bin/../lib/gcc/arm-none-eabi/4.9.3/armv6-m\libgcc.a(_arm_cmpdf2.o)
                0x0000b818                __aeabi_cdrcmple
                0x0000b828                __aeabi_cdcmple
                0x0000b828                __aeabi_cdcmpeq
                0x0000b838                __aeabi_dcmpeq
                0x0000b844                __aeabi_dcmplt
                0x0000b858                __aeabi_dcmple
                0x0000b86c                __aeabi_dcmpgt
                0x0000b880                __aeabi_dcmpge
 .text          0x0000b894       0x3c c:/siliconlabs/simplicitystudio/v4/developer/toolchains/gnu_arm/4.9_2015q3/bin/../lib/gcc/arm-none-eabi/4.9.3/armv6-m\libgcc.a(_clzsi2.o)
                0x0000b894                __clzsi2
 .text          0x0000b8d0       0x3c c:/siliconlabs/simplicitystudio/v4/developer/toolchains/gnu_arm/4.9_2015q3/bin/../lib/gcc/arm-none-eabi/4.9.3/armv6-m\libgcc.a(_fixunsdfsi.o)
                0x0000b8d0                __aeabi_d2uiz
                0x0000b8d0                __fixunsdfsi
 .text          0x0000b90c      0x650 c:/siliconlabs/simplicitystudio/v4/developer/toolchains/gnu_arm/4.9_2015q3/bin/../lib/gcc/arm-none-eabi/4.9.3/armv6-m\libgcc.a(adddf3.o)
                0x0000b90c                __aeabi_dadd
 .text          0x0000bf5c      0x648 c:/siliconlabs/simplicitystudio/v4/developer/toolchains/gnu_arm/4.9_2015q3/bin/../lib/gcc/arm-none-eabi/4.9.3/armv6-m\libgcc.a(divdf3.o)
                0x0000bf5c                __aeabi_ddiv
 .text          0x0000c5a4       0x88 c:/siliconlabs/simplicitystudio/v4/developer/toolchains/gnu_arm/4.9_2015q3/bin/../lib/gcc/arm-none-eabi/4.9.3/armv6-m\libgcc.a(eqdf2.o)
                0x0000c5a4                __nedf2
                0x0000c5a4                __eqdf2
 .text          0x0000c62c       0xe0 c:/siliconlabs/simplicitystudio/v4/developer/toolchains/gnu_arm/4.9_2015q3/bin/../lib/gcc/arm-none-eabi/4.9.3/armv6-m\libgcc.a(gedf2.o)
                0x0000c62c                __gedf2
                0x0000c62c                __gtdf2
 .text          0x0000c70c       0xcc c:/siliconlabs/simplicitystudio/v4/developer/toolchains/gnu_arm/4.9_2015q3/bin/../lib/gcc/arm-none-eabi/4.9.3/armv6-m\libgcc.a(ledf2.o)
                0x0000c70c                __ledf2
                0x0000c70c                __ltdf2
 .text          0x0000c7d8      0x534 c:/siliconlabs/simplicitystudio/v4/developer/toolchains/gnu_arm/4.9_2015q3/bin/../lib/gcc/arm-none-eabi/4.9.3/armv6-m\libgcc.a(muldf3.o)
                0x0000c7d8                __aeabi_dmul
 .text          0x0000cd0c      0x6f4 c:/siliconlabs/simplicitystudio/v4/developer/toolchains/gnu_arm/4.9_2015q3/bin/../lib/gcc/arm-none-eabi/4.9.3/armv6-m\libgcc.a(subdf3.o)
                0x0000cd0c                __aeabi_dsub
 .text          0x0000d400       0x6c c:/siliconlabs/simplicitystudio/v4/developer/toolchains/gnu_arm/4.9_2015q3/bin/../lib/gcc/arm-none-eabi/4.9.3/armv6-m\libgcc.a(fixdfsi.o)
                0x0000d400                __aeabi_d2iz
 .text          0x0000d46c       0x78 c:/siliconlabs/simplicitystudio/v4/developer/toolchains/gnu_arm/4.9_2015q3/bin/../lib/gcc/arm-none-eabi/4.9.3/armv6-m\libgcc.a(floatsidf.o)
                0x0000d46c                __aeabi_i2d
 .text          0x0000d4e4       0x64 c:/siliconlabs/simplicitystudio/v4/developer/toolchains/gnu_arm/4.9_2015q3/bin/../lib/gcc/arm-none-eabi/4.9.3/armv6-m\libgcc.a(floatunsidf.o)
                0x0000d4e4                __aeabi_ui2d
 .text.exit     0x0000d548       0x2c c:/siliconlabs/simplicitystudio/v4/developer/toolchains/gnu_arm/4.9_2015q3/bin/../lib/gcc/arm-none-eabi/4.9.3/../../../../arm-none-eabi/lib/armv6-m\libc_nano.a(lib_a-exit.o)
                0x0000d548                exit
 .text.__libc_init_array
                0x0000d574       0x4c c:/siliconlabs/simplicitystudio/v4/developer/toolchains/gnu_arm/4.9_2015q3/bin/../lib/gcc/arm-none-eabi/4.9.3/../../../../arm-none-eabi/lib/armv6-m\libc_nano.a(lib_a-init.o)
                0x0000d574                __libc_init_array
 .text.memcpy   0x0000d5c0       0x12 c:/siliconlabs/simplicitystudio/v4/developer/toolchains/gnu_arm/4.9_2015q3/bin/../lib/gcc/arm-none-eabi/4.9.3/../../../../arm-none-eabi/lib/armv6-m\libc_nano.a(lib_a-memcpy.o)
                0x0000d5c0                memcpy
 .text.memset   0x0000d5d2       0x10 c:/siliconlabs/simplicitystudio/v4/developer/toolchains/gnu_arm/4.9_2015q3/bin/../lib/gcc/arm-none-eabi/4.9.3/../../../../arm-none-eabi/lib/armv6-m\libc_nano.a(lib_a-memset.o)
                0x0000d5d2                memset
 *fill*         0x0000d5e2        0x2 
 .text.printf   0x0000d5e4       0x34 c:/siliconlabs/simplicitystudio/v4/developer/toolchains/gnu_arm/4.9_2015q3/bin/../lib/gcc/arm-none-eabi/4.9.3/../../../../arm-none-eabi/lib/armv6-m\libc_nano.a(lib_a-printf.o)
                0x0000d5e4                iprintf
                0x0000d5e4                printf
 .text._cleanup_r
                0x0000d618       0x10 c:/siliconlabs/simplicitystudio/v4/developer/toolchains/gnu_arm/4.9_2015q3/bin/../lib/gcc/arm-none-eabi/4.9.3/../../../../arm-none-eabi/lib/armv6-m\libc_nano.a(lib_a-findfp.o)
                0x0000d618                _cleanup_r
 .text.std.isra.0
                0x0000d628       0x48 c:/siliconlabs/simplicitystudio/v4/developer/toolchains/gnu_arm/4.9_2015q3/bin/../lib/gcc/arm-none-eabi/4.9.3/../../../../arm-none-eabi/lib/armv6-m\libc_nano.a(lib_a-findfp.o)
 .text.__sfmoreglue
                0x0000d670       0x2c c:/siliconlabs/simplicitystudio/v4/developer/toolchains/gnu_arm/4.9_2015q3/bin/../lib/gcc/arm-none-eabi/4.9.3/../../../../arm-none-eabi/lib/armv6-m\libc_nano.a(lib_a-findfp.o)
                0x0000d670                __sfmoreglue
 .text.__sinit  0x0000d69c       0x64 c:/siliconlabs/simplicitystudio/v4/developer/toolchains/gnu_arm/4.9_2015q3/bin/../lib/gcc/arm-none-eabi/4.9.3/../../../../arm-none-eabi/lib/armv6-m\libc_nano.a(lib_a-findfp.o)
                0x0000d69c                __sinit
 .text.__sfp    0x0000d700       0x7c c:/siliconlabs/simplicitystudio/v4/developer/toolchains/gnu_arm/4.9_2015q3/bin/../lib/gcc/arm-none-eabi/4.9.3/../../../../arm-none-eabi/lib/armv6-m\libc_nano.a(lib_a-findfp.o)
                0x0000d700                __sfp
 .text._fwalk_reent
                0x0000d77c       0x42 c:/siliconlabs/simplicitystudio/v4/developer/toolchains/gnu_arm/4.9_2015q3/bin/../lib/gcc/arm-none-eabi/4.9.3/../../../../arm-none-eabi/lib/armv6-m\libc_nano.a(lib_a-fwalk.o)
                0x0000d77c                _fwalk_reent
 *fill*         0x0000d7be        0x2 
 .text._malloc_r
                0x0000d7c0       0xb0 c:/siliconlabs/simplicitystudio/v4/developer/toolchains/gnu_arm/4.9_2015q3/bin/../lib/gcc/arm-none-eabi/4.9.3/../../../../arm-none-eabi/lib/armv6-m\libc_nano.a(lib_a-nano-mallocr.o)
                0x0000d7c0                _malloc_r
 .text.__sfputc_r
                0x0000d870       0x2a c:/siliconlabs/simplicitystudio/v4/developer/toolchains/gnu_arm/4.9_2015q3/bin/../lib/gcc/arm-none-eabi/4.9.3/../../../../arm-none-eabi/lib/armv6-m\libc_nano.a(lib_a-nano-vfprintf.o)
 .text.__sfputs_r
                0x0000d89a       0x24 c:/siliconlabs/simplicitystudio/v4/developer/toolchains/gnu_arm/4.9_2015q3/bin/../lib/gcc/arm-none-eabi/4.9.3/../../../../arm-none-eabi/lib/armv6-m\libc_nano.a(lib_a-nano-vfprintf.o)
                0x0000d89a                __sfputs_r
 *fill*         0x0000d8be        0x2 
 .text._vfprintf_r
                0x0000d8c0      0x220 c:/siliconlabs/simplicitystudio/v4/developer/toolchains/gnu_arm/4.9_2015q3/bin/../lib/gcc/arm-none-eabi/4.9.3/../../../../arm-none-eabi/lib/armv6-m\libc_nano.a(lib_a-nano-vfprintf.o)
                0x0000d8c0                _vfprintf_r
                0x0000d8c0                _vfiprintf_r
 .text._printf_common
                0x0000dae0       0xdc c:/siliconlabs/simplicitystudio/v4/developer/toolchains/gnu_arm/4.9_2015q3/bin/../lib/gcc/arm-none-eabi/4.9.3/../../../../arm-none-eabi/lib/armv6-m\libc_nano.a(lib_a-nano-vfprintf_i.o)
                0x0000dae0                _printf_common
 .text._printf_i
                0x0000dbbc      0x230 c:/siliconlabs/simplicitystudio/v4/developer/toolchains/gnu_arm/4.9_2015q3/bin/../lib/gcc/arm-none-eabi/4.9.3/../../../../arm-none-eabi/lib/armv6-m\libc_nano.a(lib_a-nano-vfprintf_i.o)
                0x0000dbbc                _printf_i
 .text._sbrk_r  0x0000ddec       0x24 c:/siliconlabs/simplicitystudio/v4/developer/toolchains/gnu_arm/4.9_2015q3/bin/../lib/gcc/arm-none-eabi/4.9.3/../../../../arm-none-eabi/lib/armv6-m\libc_nano.a(lib_a-sbrkr.o)
                0x0000ddec                _sbrk_r
 .text.__sread  0x0000de10       0x28 c:/siliconlabs/simplicitystudio/v4/developer/toolchains/gnu_arm/4.9_2015q3/bin/../lib/gcc/arm-none-eabi/4.9.3/../../../../arm-none-eabi/lib/armv6-m\libc_nano.a(lib_a-stdio.o)
                0x0000de10                __sread
 .text.__swrite
                0x0000de38       0x38 c:/siliconlabs/simplicitystudio/v4/developer/toolchains/gnu_arm/4.9_2015q3/bin/../lib/gcc/arm-none-eabi/4.9.3/../../../../arm-none-eabi/lib/armv6-m\libc_nano.a(lib_a-stdio.o)
                0x0000de38                __swrite
 .text.__sseek  0x0000de70       0x2c c:/siliconlabs/simplicitystudio/v4/developer/toolchains/gnu_arm/4.9_2015q3/bin/../lib/gcc/arm-none-eabi/4.9.3/../../../../arm-none-eabi/lib/armv6-m\libc_nano.a(lib_a-stdio.o)
                0x0000de70                __sseek
 .text.__sclose
                0x0000de9c        0xc c:/siliconlabs/simplicitystudio/v4/developer/toolchains/gnu_arm/4.9_2015q3/bin/../lib/gcc/arm-none-eabi/4.9.3/../../../../arm-none-eabi/lib/armv6-m\libc_nano.a(lib_a-stdio.o)
                0x0000de9c                __sclose
 .text.__swbuf_r
                0x0000dea8       0xb0 c:/siliconlabs/simplicitystudio/v4/developer/toolchains/gnu_arm/4.9_2015q3/bin/../lib/gcc/arm-none-eabi/4.9.3/../../../../arm-none-eabi/lib/armv6-m\libc_nano.a(lib_a-wbuf.o)
                0x0000dea8                __swbuf_r
 .text._write_r
                0x0000df58       0x28 c:/siliconlabs/simplicitystudio/v4/developer/toolchains/gnu_arm/4.9_2015q3/bin/../lib/gcc/arm-none-eabi/4.9.3/../../../../arm-none-eabi/lib/armv6-m\libc_nano.a(lib_a-writer.o)
                0x0000df58                _write_r
 .text.__swsetup_r
                0x0000df80       0xe8 c:/siliconlabs/simplicitystudio/v4/developer/toolchains/gnu_arm/4.9_2015q3/bin/../lib/gcc/arm-none-eabi/4.9.3/../../../../arm-none-eabi/lib/armv6-m\libc_nano.a(lib_a-wsetup.o)
                0x0000df80                __swsetup_r
 .text._close_r
                0x0000e068       0x24 c:/siliconlabs/simplicitystudio/v4/developer/toolchains/gnu_arm/4.9_2015q3/bin/../lib/gcc/arm-none-eabi/4.9.3/../../../../arm-none-eabi/lib/armv6-m\libc_nano.a(lib_a-closer.o)
                0x0000e068                _close_r
 .text.__sflush_r
                0x0000e08c      0x112 c:/siliconlabs/simplicitystudio/v4/developer/toolchains/gnu_arm/4.9_2015q3/bin/../lib/gcc/arm-none-eabi/4.9.3/../../../../arm-none-eabi/lib/armv6-m\libc_nano.a(lib_a-fflush.o)
                0x0000e08c                __sflush_r
 *fill*         0x0000e19e        0x2 
 .text._fflush_r
                0x0000e1a0       0x58 c:/siliconlabs/simplicitystudio/v4/developer/toolchains/gnu_arm/4.9_2015q3/bin/../lib/gcc/arm-none-eabi/4.9.3/../../../../arm-none-eabi/lib/armv6-m\libc_nano.a(lib_a-fflush.o)
                0x0000e1a0                _fflush_r
 .text._lseek_r
                0x0000e1f8       0x28 c:/siliconlabs/simplicitystudio/v4/developer/toolchains/gnu_arm/4.9_2015q3/bin/../lib/gcc/arm-none-eabi/4.9.3/../../../../arm-none-eabi/lib/armv6-m\libc_nano.a(lib_a-lseekr.o)
                0x0000e1f8                _lseek_r
 .text.__smakebuf_r
                0x0000e220       0xb0 c:/siliconlabs/simplicitystudio/v4/developer/toolchains/gnu_arm/4.9_2015q3/bin/../lib/gcc/arm-none-eabi/4.9.3/../../../../arm-none-eabi/lib/armv6-m\libc_nano.a(lib_a-makebuf.o)
                0x0000e220                __smakebuf_r
 .text.memchr   0x0000e2d0       0x16 c:/siliconlabs/simplicitystudio/v4/developer/toolchains/gnu_arm/4.9_2015q3/bin/../lib/gcc/arm-none-eabi/4.9.3/../../../../arm-none-eabi/lib/armv6-m\libc_nano.a(lib_a-memchr.o)
                0x0000e2d0                memchr
 *fill*         0x0000e2e6        0x2 
 .text._free_r  0x0000e2e8       0x8c c:/siliconlabs/simplicitystudio/v4/developer/toolchains/gnu_arm/4.9_2015q3/bin/../lib/gcc/arm-none-eabi/4.9.3/../../../../arm-none-eabi/lib/armv6-m\libc_nano.a(lib_a-nano-freer.o)
                0x0000e2e8                _free_r
 .text._read_r  0x0000e374       0x28 c:/siliconlabs/simplicitystudio/v4/developer/toolchains/gnu_arm/4.9_2015q3/bin/../lib/gcc/arm-none-eabi/4.9.3/../../../../arm-none-eabi/lib/armv6-m\libc_nano.a(lib_a-readr.o)
                0x0000e374                _read_r
 .text._fstat_r
                0x0000e39c       0x24 c:/siliconlabs/simplicitystudio/v4/developer/toolchains/gnu_arm/4.9_2015q3/bin/../lib/gcc/arm-none-eabi/4.9.3/../../../../arm-none-eabi/lib/armv6-m\libc_nano.a(lib_a-fstatr.o)
                0x0000e39c                _fstat_r
 .text._isatty_r
                0x0000e3c0       0x24 c:/siliconlabs/simplicitystudio/v4/developer/toolchains/gnu_arm/4.9_2015q3/bin/../lib/gcc/arm-none-eabi/4.9.3/../../../../arm-none-eabi/lib/armv6-m\libc_nano.a(lib_a-isattyr.o)
                0x0000e3c0                _isatty_r
 .text._close   0x0000e3e4       0x10 c:/siliconlabs/simplicitystudio/v4/developer/toolchains/gnu_arm/4.9_2015q3/bin/../lib/gcc/arm-none-eabi/4.9.3/../../../../arm-none-eabi/lib/armv6-m\libnosys.a(close.o)
                0x0000e3e4                _close
 .text._fstat   0x0000e3f4       0x10 c:/siliconlabs/simplicitystudio/v4/developer/toolchains/gnu_arm/4.9_2015q3/bin/../lib/gcc/arm-none-eabi/4.9.3/../../../../arm-none-eabi/lib/armv6-m\libnosys.a(fstat.o)
                0x0000e3f4                _fstat
 .text._isatty  0x0000e404       0x10 c:/siliconlabs/simplicitystudio/v4/developer/toolchains/gnu_arm/4.9_2015q3/bin/../lib/gcc/arm-none-eabi/4.9.3/../../../../arm-none-eabi/lib/armv6-m\libnosys.a(isatty.o)
                0x0000e404                _isatty
 .text._lseek   0x0000e414       0x10 c:/siliconlabs/simplicitystudio/v4/developer/toolchains/gnu_arm/4.9_2015q3/bin/../lib/gcc/arm-none-eabi/4.9.3/../../../../arm-none-eabi/lib/armv6-m\libnosys.a(lseek.o)
                0x0000e414                _lseek
 .text._read    0x0000e424       0x10 c:/siliconlabs/simplicitystudio/v4/developer/toolchains/gnu_arm/4.9_2015q3/bin/../lib/gcc/arm-none-eabi/4.9.3/../../../../arm-none-eabi/lib/armv6-m\libnosys.a(read.o)
                0x0000e424                _read
 .text._sbrk    0x0000e434       0x1c c:/siliconlabs/simplicitystudio/v4/developer/toolchains/gnu_arm/4.9_2015q3/bin/../lib/gcc/arm-none-eabi/4.9.3/../../../../arm-none-eabi/lib/armv6-m\libnosys.a(sbrk.o)
                0x0000e434                _sbrk
 .text._write   0x0000e450       0x10 c:/siliconlabs/simplicitystudio/v4/developer/toolchains/gnu_arm/4.9_2015q3/bin/../lib/gcc/arm-none-eabi/4.9.3/../../../../arm-none-eabi/lib/armv6-m\libnosys.a(write.o)
                0x0000e450                _write
 .text._exit    0x0000e460        0x4 c:/siliconlabs/simplicitystudio/v4/developer/toolchains/gnu_arm/4.9_2015q3/bin/../lib/gcc/arm-none-eabi/4.9.3/../../../../arm-none-eabi/lib/armv6-m\libnosys.a(_exit.o)
                0x0000e460                _exit
 *(.init)
 .init          0x0000e464        0x4 c:/siliconlabs/simplicitystudio/v4/developer/toolchains/gnu_arm/4.9_2015q3/bin/../lib/gcc/arm-none-eabi/4.9.3/armv6-m/crti.o
                0x0000e464                _init
 .init          0x0000e468        0x8 c:/siliconlabs/simplicitystudio/v4/developer/toolchains/gnu_arm/4.9_2015q3/bin/../lib/gcc/arm-none-eabi/4.9.3/armv6-m/crtn.o
 *(.fini)
 .fini          0x0000e470        0x4 c:/siliconlabs/simplicitystudio/v4/developer/toolchains/gnu_arm/4.9_2015q3/bin/../lib/gcc/arm-none-eabi/4.9.3/armv6-m/crti.o
                0x0000e470                _fini
 .fini          0x0000e474        0x8 c:/siliconlabs/simplicitystudio/v4/developer/toolchains/gnu_arm/4.9_2015q3/bin/../lib/gcc/arm-none-eabi/4.9.3/armv6-m/crtn.o
 *crtbegin.o(.ctors)
 *crtbegin?.o(.ctors)
 *(EXCLUDE_FILE(*crtend.o *crtend?.o) .ctors)
 *(SORT(.ctors.*))
 *(.ctors)
 *crtbegin.o(.dtors)
 *crtbegin?.o(.dtors)
 *(EXCLUDE_FILE(*crtend.o *crtend?.o) .dtors)
 *(SORT(.dtors.*))
 *(.dtors)
 *(.rodata*)
 .rodata.sbox   0x0000e47c      0x100 ./system/crypto/aes.o
 .rodata.gfm2_sbox
                0x0000e57c      0x100 ./system/crypto/aes.o
 .rodata.gfm3_sbox
                0x0000e67c      0x100 ./system/crypto/aes.o
 .rodata        0x0000e77c       0x20 ./src/main.o
 .rodata.Datarates
                0x0000e79c        0x8 ./mac/LoRaMac.o
                0x0000e79c                Datarates
 .rodata.MaxPayloadOfDatarate
                0x0000e7a4        0x8 ./mac/LoRaMac.o
                0x0000e7a4                MaxPayloadOfDatarate
 .rodata.MaxPayloadOfDatarateRepeater
                0x0000e7ac        0x8 ./mac/LoRaMac.o
                0x0000e7ac                MaxPayloadOfDatarateRepeater
 .rodata.TxPowers
                0x0000e7b4        0x6 ./mac/LoRaMac.o
                0x0000e7b4                TxPowers
 *fill*         0x0000e7ba        0x2 
 .rodata.AddMacCommand
                0x0000e7bc       0x24 ./mac/LoRaMac.o
 .rodata.ParseMacCommandsToRepeat
                0x0000e7e0       0x24 ./mac/LoRaMac.o
 .rodata.ProcessMacCommands
                0x0000e804       0x24 ./mac/LoRaMac.o
 .rodata.LoRaMacMibGetRequestConfirm
                0x0000e828       0x6c ./mac/LoRaMac.o
 .rodata.LoRaMacMibSetRequestConfirm
                0x0000e894       0x68 ./mac/LoRaMac.o
 .rodata        0x0000e8fc       0x42 ./boards/board.o
 *fill*         0x0000e93e        0x2 
 .rodata        0x0000e940       0x17 ./boards/gpio-board.o
 *fill*         0x0000e957        0x1 
 .rodata        0x0000e958       0x1a ./boards/rtc-board.o
 *fill*         0x0000e972        0x2 
 .rodata        0x0000e974       0x2e ./boards/spi-board.o
 *fill*         0x0000e9a2        0x2 
 .rodata.Radio  0x0000e9a4       0x5c ./boards/sx1272-board.o
                0x0000e9a4                Radio
 .rodata.CMU_ClockDivSet
                0x0000ea00       0x20 ./emlib/em_cmu.o
 .rodata.CMU_ClockEnable
                0x0000ea20       0x2c ./emlib/em_cmu.o
 .rodata.CMU_ClockSelectGet
                0x0000ea4c       0x20 ./emlib/em_cmu.o
 .rodata.CMU_ClockSelectSet
                0x0000ea6c       0x80 ./emlib/em_cmu.o
 .rodata.CMU_OscillatorEnable
                0x0000eaec       0x18 ./emlib/em_cmu.o
 .rodata.RadioRegsInit
                0x0000eb04       0x33 ./radio/sx1272.o
                0x0000eb04                RadioRegsInit
 *fill*         0x0000eb37        0x1 
 .rodata.FskBandwidths
                0x0000eb38       0xb0 ./radio/sx1272.o
                0x0000eb38                FskBandwidths
 .rodata        0x0000ebe8       0x12 ./radio/sx1272.o
 *fill*         0x0000ebfa        0x2 
 .rodata        0x0000ebfc       0x40 c:/siliconlabs/simplicitystudio/v4/developer/toolchains/gnu_arm/4.9_2015q3/bin/../lib/gcc/arm-none-eabi/4.9.3/armv6-m\libgcc.a(divdf3.o)
 .rodata        0x0000ec3c       0x40 c:/siliconlabs/simplicitystudio/v4/developer/toolchains/gnu_arm/4.9_2015q3/bin/../lib/gcc/arm-none-eabi/4.9.3/armv6-m\libgcc.a(muldf3.o)
 .rodata.str1.1
                0x0000ec7c        0x2 c:/siliconlabs/simplicitystudio/v4/developer/toolchains/gnu_arm/4.9_2015q3/bin/../lib/gcc/arm-none-eabi/4.9.3/../../../../arm-none-eabi/lib/armv6-m\libc_nano.a(lib_a-impure.o)
 *fill*         0x0000ec7e        0x2 
 .rodata._global_impure_ptr
                0x0000ec80        0x4 c:/siliconlabs/simplicitystudio/v4/developer/toolchains/gnu_arm/4.9_2015q3/bin/../lib/gcc/arm-none-eabi/4.9.3/../../../../arm-none-eabi/lib/armv6-m\libc_nano.a(lib_a-impure.o)
                0x0000ec80                _global_impure_ptr
 .rodata.__sf_fake_stdin
                0x0000ec84       0x20 c:/siliconlabs/simplicitystudio/v4/developer/toolchains/gnu_arm/4.9_2015q3/bin/../lib/gcc/arm-none-eabi/4.9.3/../../../../arm-none-eabi/lib/armv6-m\libc_nano.a(lib_a-findfp.o)
                0x0000ec84                __sf_fake_stdin
 .rodata.__sf_fake_stdout
                0x0000eca4       0x20 c:/siliconlabs/simplicitystudio/v4/developer/toolchains/gnu_arm/4.9_2015q3/bin/../lib/gcc/arm-none-eabi/4.9.3/../../../../arm-none-eabi/lib/armv6-m\libc_nano.a(lib_a-findfp.o)
                0x0000eca4                __sf_fake_stdout
 .rodata.__sf_fake_stderr
                0x0000ecc4       0x20 c:/siliconlabs/simplicitystudio/v4/developer/toolchains/gnu_arm/4.9_2015q3/bin/../lib/gcc/arm-none-eabi/4.9.3/../../../../arm-none-eabi/lib/armv6-m\libc_nano.a(lib_a-findfp.o)
                0x0000ecc4                __sf_fake_stderr
 .rodata.str1.1
                0x0000ece4       0x11 c:/siliconlabs/simplicitystudio/v4/developer/toolchains/gnu_arm/4.9_2015q3/bin/../lib/gcc/arm-none-eabi/4.9.3/../../../../arm-none-eabi/lib/armv6-m\libc_nano.a(lib_a-nano-vfprintf.o)
 .rodata.str1.1
                0x0000ecf5       0x22 c:/siliconlabs/simplicitystudio/v4/developer/toolchains/gnu_arm/4.9_2015q3/bin/../lib/gcc/arm-none-eabi/4.9.3/../../../../arm-none-eabi/lib/armv6-m\libc_nano.a(lib_a-nano-vfprintf_i.o)
 *(.eh_frame*)
 *fill*         0x0000ed17        0x1 
 .eh_frame      0x0000ed18        0x0 c:/siliconlabs/simplicitystudio/v4/developer/toolchains/gnu_arm/4.9_2015q3/bin/../lib/gcc/arm-none-eabi/4.9.3/armv6-m/crtbegin.o
 .eh_frame      0x0000ed18        0x4 c:/siliconlabs/simplicitystudio/v4/developer/toolchains/gnu_arm/4.9_2015q3/bin/../lib/gcc/arm-none-eabi/4.9.3/armv6-m/crtend.o

.glue_7         0x0000ed1c        0x0
 .glue_7        0x00000000        0x0 linker stubs

.glue_7t        0x0000ed1c        0x0
 .glue_7t       0x00000000        0x0 linker stubs

.vfp11_veneer   0x0000ed1c        0x0
 .vfp11_veneer  0x00000000        0x0 linker stubs

.v4_bx          0x0000ed1c        0x0
 .v4_bx         0x00000000        0x0 linker stubs

.iplt           0x0000ed1c        0x0
 .iplt          0x00000000        0x0 c:/siliconlabs/simplicitystudio/v4/developer/toolchains/gnu_arm/4.9_2015q3/bin/../lib/gcc/arm-none-eabi/4.9.3/armv6-m/crtbegin.o

.ARM.extab
 *(.ARM.extab* .gnu.linkonce.armextab.*)
                0x0000ed1c                __exidx_start = .

.ARM.exidx      0x0000ed1c        0x8
 *(.ARM.exidx* .gnu.linkonce.armexidx.*)
 .ARM.exidx     0x0000ed1c        0x8 c:/siliconlabs/simplicitystudio/v4/developer/toolchains/gnu_arm/4.9_2015q3/bin/../lib/gcc/arm-none-eabi/4.9.3/../../../../arm-none-eabi/lib/armv6-m/crt0.o
                0x0000ed24                __exidx_end = .
                0x0000ed24                __etext = .

.rel.dyn        0x0000ed24        0x0
 .rel.iplt      0x00000000        0x0 c:/siliconlabs/simplicitystudio/v4/developer/toolchains/gnu_arm/4.9_2015q3/bin/../lib/gcc/arm-none-eabi/4.9.3/armv6-m/crtbegin.o

.data           0x20000000      0x19c load address 0x0000ed24
                0x20000000                __data_start__ = .
 *(vtable)
 *(.data*)
 .data.NwkSKey  0x20000000       0x10 ./src/main.o
 .data.AppSKey  0x20000010       0x10 ./src/main.o
 .data.DevAddr  0x20000020        0x4 ./src/main.o
 .data.NextTx   0x20000024        0x1 ./src/main.o
 .data.IsRxWindowsEnabled
                0x20000025        0x1 ./mac/LoRaMac.o
 *fill*         0x20000026        0x2 
 .data.Bands    0x20000028       0x3c ./mac/LoRaMac.o
 .data.Channels
                0x20000064       0x80 ./mac/LoRaMac.o
 .data.AckTimeoutRetries
                0x200000e4        0x1 ./mac/LoRaMac.o
 .data.AckTimeoutRetriesCounter
                0x200000e5        0x1 ./mac/LoRaMac.o
 *fill*         0x200000e6        0x2 
 .data.MicBlockB0
                0x200000e8       0x10 ./mac/LoRaMacCrypto.o
 .data.aBlock   0x200000f8       0x10 ./mac/LoRaMacCrypto.o
 .data.SystemHFXOClock
                0x20000108        0x4 ./CMSIS/EFM32HG/system_efm32hg.o
 .data.SystemLFXOClock
                0x2000010c        0x4 ./CMSIS/EFM32HG/system_efm32hg.o
 .data.next     0x20000110        0x4 ./boards/utilities.o
 .data.DioIrq   0x20000114       0x18 ./radio/sx1272.o
                0x20000114                DioIrq
 .data.impure_data
                0x2000012c       0x60 c:/siliconlabs/simplicitystudio/v4/developer/toolchains/gnu_arm/4.9_2015q3/bin/../lib/gcc/arm-none-eabi/4.9.3/../../../../arm-none-eabi/lib/armv6-m\libc_nano.a(lib_a-impure.o)
 .data._impure_ptr
                0x2000018c        0x4 c:/siliconlabs/simplicitystudio/v4/developer/toolchains/gnu_arm/4.9_2015q3/bin/../lib/gcc/arm-none-eabi/4.9.3/../../../../arm-none-eabi/lib/armv6-m\libc_nano.a(lib_a-impure.o)
                0x2000018c                _impure_ptr
                0x20000190                . = ALIGN (0x4)
 *(.ram)
                0x20000190                . = ALIGN (0x4)
                0x20000190                PROVIDE (__preinit_array_start, .)
 *(.preinit_array)
                0x20000190                PROVIDE (__preinit_array_end, .)
                0x20000190                . = ALIGN (0x4)
                0x20000190                PROVIDE (__init_array_start, .)
 *(SORT(.init_array.*))
 *(.init_array)
 .init_array    0x20000190        0x4 c:/siliconlabs/simplicitystudio/v4/developer/toolchains/gnu_arm/4.9_2015q3/bin/../lib/gcc/arm-none-eabi/4.9.3/armv6-m/crtbegin.o
                0x20000194                PROVIDE (__init_array_end, .)
                0x20000194                . = ALIGN (0x4)
                0x20000194                PROVIDE (__fini_array_start, .)
 *(SORT(.fini_array.*))
 *(.fini_array)
 .fini_array    0x20000194        0x4 c:/siliconlabs/simplicitystudio/v4/developer/toolchains/gnu_arm/4.9_2015q3/bin/../lib/gcc/arm-none-eabi/4.9.3/armv6-m/crtbegin.o
                0x20000198                PROVIDE (__fini_array_end, .)
 *(.jcr*)
 .jcr           0x20000198        0x0 c:/siliconlabs/simplicitystudio/v4/developer/toolchains/gnu_arm/4.9_2015q3/bin/../lib/gcc/arm-none-eabi/4.9.3/armv6-m/crtbegin.o
 .jcr           0x20000198        0x4 c:/siliconlabs/simplicitystudio/v4/developer/toolchains/gnu_arm/4.9_2015q3/bin/../lib/gcc/arm-none-eabi/4.9.3/armv6-m/crtend.o
                0x2000019c                . = ALIGN (0x4)
                0x2000019c                __data_end__ = .

.igot.plt       0x2000019c        0x0 load address 0x0000eec0
 .igot.plt      0x00000000        0x0 c:/siliconlabs/simplicitystudio/v4/developer/toolchains/gnu_arm/4.9_2015q3/bin/../lib/gcc/arm-none-eabi/4.9.3/armv6-m/crtbegin.o

.bss            0x2000019c      0xae0 load address 0x0000eec0
                0x2000019c                . = ALIGN (0x4)
                0x2000019c                __bss_start__ = .
 *(.bss*)
 .bss           0x2000019c       0x1c c:/siliconlabs/simplicitystudio/v4/developer/toolchains/gnu_arm/4.9_2015q3/bin/../lib/gcc/arm-none-eabi/4.9.3/armv6-m/crtbegin.o
 .bss.HasLoopedThroughMain
                0x200001b8        0x1 ./system/timer.o
                0x200001b8                HasLoopedThroughMain
 *fill*         0x200001b9        0x3 
 .bss.TimerListHead
                0x200001bc        0x4 ./system/timer.o
 .bss.DeviceState
                0x200001c0        0x1 ./src/main.o
 *fill*         0x200001c1        0x3 
 .bss.AppData   0x200001c4       0x40 ./src/main.o
 .bss.TxDutyCycleTime
                0x20000204        0x4 ./src/main.o
 .bss.TxNextPacketTimer
                0x20000208       0x14 ./src/main.o
 .bss.LoRaMacDevEui
                0x2000021c        0x4 ./mac/LoRaMac.o
 .bss.LoRaMacAppEui
                0x20000220        0x4 ./mac/LoRaMac.o
 .bss.LoRaMacAppKey
                0x20000224        0x4 ./mac/LoRaMac.o
 .bss.LoRaMacNwkSKey
                0x20000228       0x10 ./mac/LoRaMac.o
 .bss.LoRaMacAppSKey
                0x20000238       0x10 ./mac/LoRaMac.o
 .bss.LoRaMacDevNonce
                0x20000248        0x2 ./mac/LoRaMac.o
 *fill*         0x2000024a        0x2 
 .bss.LoRaMacNetID
                0x2000024c        0x4 ./mac/LoRaMac.o
 .bss.LoRaMacDevAddr
                0x20000250        0x4 ./mac/LoRaMac.o
 .bss.MulticastChannels
                0x20000254        0x4 ./mac/LoRaMac.o
 .bss.LoRaMacDeviceClass
                0x20000258        0x1 ./mac/LoRaMac.o
 .bss.PublicNetwork
                0x20000259        0x1 ./mac/LoRaMac.o
 .bss.RepeaterSupport
                0x2000025a        0x1 ./mac/LoRaMac.o
 *fill*         0x2000025b        0x1 
 .bss.LoRaMacBuffer
                0x2000025c       0xff ./mac/LoRaMac.o
 *fill*         0x2000035b        0x1 
 .bss.LoRaMacBufferPktLen
                0x2000035c        0x2 ./mac/LoRaMac.o
 .bss.LoRaMacTxPayloadLen
                0x2000035e        0x1 ./mac/LoRaMac.o
 *fill*         0x2000035f        0x1 
 .bss.LoRaMacPayload
                0x20000360       0xff ./mac/LoRaMac.o
 *fill*         0x2000045f        0x1 
 .bss.LoRaMacRxPayload
                0x20000460       0xff ./mac/LoRaMac.o
 *fill*         0x2000055f        0x1 
 .bss.UpLinkCounter
                0x20000560        0x4 ./mac/LoRaMac.o
 .bss.DownLinkCounter
                0x20000564        0x4 ./mac/LoRaMac.o
 .bss.IsUpLinkCounterFixed
                0x20000568        0x1 ./mac/LoRaMac.o
 .bss.IsLoRaMacNetworkJoined
                0x20000569        0x1 ./mac/LoRaMac.o
 .bss.AdrCtrlOn
                0x2000056a        0x1 ./mac/LoRaMac.o
 *fill*         0x2000056b        0x1 
 .bss.AdrAckCounter
                0x2000056c        0x4 ./mac/LoRaMac.o
 .bss.NodeAckRequested
                0x20000570        0x1 ./mac/LoRaMac.o
 .bss.SrvAckRequested
                0x20000571        0x1 ./mac/LoRaMac.o
 .bss.MacCommandsInNextTx
                0x20000572        0x1 ./mac/LoRaMac.o
 .bss.MacCommandsBufferIndex
                0x20000573        0x1 ./mac/LoRaMac.o
 .bss.MacCommandsBufferToRepeatIndex
                0x20000574        0x1 ./mac/LoRaMac.o
 *fill*         0x20000575        0x3 
 .bss.MacCommandsBuffer
                0x20000578        0xf ./mac/LoRaMac.o
 *fill*         0x20000587        0x1 
 .bss.MacCommandsBufferToRepeat
                0x20000588        0xf ./mac/LoRaMac.o
 .bss.ChannelsNbRepCounter
                0x20000597        0x1 ./mac/LoRaMac.o
 .bss.MaxDCycle
                0x20000598        0x1 ./mac/LoRaMac.o
 *fill*         0x20000599        0x1 
 .bss.AggregatedDCycle
                0x2000059a        0x2 ./mac/LoRaMac.o
 .bss.AggregatedLastTxDoneTime
                0x2000059c        0x4 ./mac/LoRaMac.o
 .bss.AggregatedTimeOff
                0x200005a0        0x4 ./mac/LoRaMac.o
 .bss.DutyCycleOn
                0x200005a4        0x1 ./mac/LoRaMac.o
 .bss.Channel   0x200005a5        0x1 ./mac/LoRaMac.o
 *fill*         0x200005a6        0x2 
 .bss.LoRaMacInitializationTime
                0x200005a8        0x4 ./mac/LoRaMac.o
 .bss.LoRaMacState
                0x200005ac        0x4 ./mac/LoRaMac.o
                0x200005ac                LoRaMacState
 .bss.MacStateCheckTimer
                0x200005b0       0x14 ./mac/LoRaMac.o
 .bss.LoRaMacPrimitives
                0x200005c4        0x4 ./mac/LoRaMac.o
 .bss.LoRaMacCallbacks
                0x200005c8        0x4 ./mac/LoRaMac.o
 .bss.RadioEvents
                0x200005cc       0x1c ./mac/LoRaMac.o
 .bss.TxDelayedTimer
                0x200005e8       0x14 ./mac/LoRaMac.o
 .bss.RxWindowTimer1
                0x200005fc       0x14 ./mac/LoRaMac.o
 .bss.RxWindowTimer2
                0x20000610       0x14 ./mac/LoRaMac.o
 .bss.RxWindow1Delay
                0x20000624        0x4 ./mac/LoRaMac.o
 .bss.RxWindow2Delay
                0x20000628        0x4 ./mac/LoRaMac.o
 .bss.AckTimeoutTimer
                0x2000062c       0x14 ./mac/LoRaMac.o
 .bss.AckTimeoutRetry
                0x20000640        0x1 ./mac/LoRaMac.o
 *fill*         0x20000641        0x3 
 .bss.TxTimeOnAir
                0x20000644        0x4 ./mac/LoRaMac.o
                0x20000644                TxTimeOnAir
 .bss.JoinRequestTrials
                0x20000648        0x1 ./mac/LoRaMac.o
 .bss.MaxJoinRequestTrials
                0x20000649        0x1 ./mac/LoRaMac.o
 *fill*         0x2000064a        0x2 
 .bss.McpsIndication
                0x2000064c       0x18 ./mac/LoRaMac.o
 .bss.McpsConfirm
                0x20000664       0x14 ./mac/LoRaMac.o
 .bss.MlmeConfirm
                0x20000678        0xc ./mac/LoRaMac.o
 .bss.RxSlot    0x20000684        0x1 ./mac/LoRaMac.o
 *fill*         0x20000685        0x3 
 .bss.Mic       0x20000688       0x10 ./mac/LoRaMacCrypto.o
 .bss.sBlock    0x20000698       0x10 ./mac/LoRaMacCrypto.o
 .bss.AesContext
                0x200006a8       0xf1 ./mac/LoRaMacCrypto.o
 *fill*         0x20000799        0x3 
 .bss.AesCmacCtx
                0x2000079c      0x118 ./mac/LoRaMacCrypto.o
 .bss.CalibrateSystemWakeupTimeTimer
                0x200008b4       0x14 ./boards/board.o
 .bss.McuInitialized
                0x200008c8        0x1 ./boards/board.o
 .bss.SystemWakeupTimeCalibrated
                0x200008c9        0x1 ./boards/board.o
 .bss.IrqNestLevel
                0x200008ca        0x1 ./boards/board.o
 *fill*         0x200008cb        0x1 
 .bss.GpioIrq   0x200008cc       0x40 ./boards/gpio-board.o
 .bss.rtcOverflowCounter
                0x2000090c        0x4 ./boards/rtc-board.o
 .bss.rtcOverflowInterval
                0x20000910        0x4 ./boards/rtc-board.o
 .bss.rtcOverflowIntervalR
                0x20000914        0x4 ./boards/rtc-board.o
 .bss.tempCompAccumulator
                0x20000918        0x4 ./boards/rtc-board.o
 .bss.rtcFreq   0x2000091c        0x4 ./boards/rtc-board.o
 .bss.previousTime
                0x20000920        0x4 ./boards/rtc-board.o
 .bss.NonScheduledWakeUp
                0x20000924        0x1 ./boards/rtc-board.o
                0x20000924                NonScheduledWakeUp
 .bss.RtcTimerEventAllowsLowPower
                0x20000925        0x1 ./boards/rtc-board.o
 .bss.LowPowerDisableDuringTask
                0x20000926        0x1 ./boards/rtc-board.o
 .bss.RtcInitalized
                0x20000927        0x1 ./boards/rtc-board.o
 .bss.McuWakeUpTime
                0x20000928        0x4 ./boards/rtc-board.o
                0x20000928                McuWakeUpTime
 .bss.TimeoutValueError
                0x2000092c        0x4 ./boards/rtc-board.o
 .bss.RadioIsActive
                0x20000930        0x1 ./boards/sx1272-board.o
 *fill*         0x20000931        0x3 
 .bss.cmuStatus
                0x20000934        0x4 ./emlib/em_emu.o
 .bss.RadioEvents
                0x20000938        0x4 ./radio/sx1272.o
 .bss.RxTxBuffer
                0x2000093c      0x100 ./radio/sx1272.o
 .bss.__malloc_sbrk_start
                0x20000a3c        0x4 c:/siliconlabs/simplicitystudio/v4/developer/toolchains/gnu_arm/4.9_2015q3/bin/../lib/gcc/arm-none-eabi/4.9.3/../../../../arm-none-eabi/lib/armv6-m\libc_nano.a(lib_a-nano-mallocr.o)
                0x20000a3c                __malloc_sbrk_start
 .bss.__malloc_free_list
                0x20000a40        0x4 c:/siliconlabs/simplicitystudio/v4/developer/toolchains/gnu_arm/4.9_2015q3/bin/../lib/gcc/arm-none-eabi/4.9.3/../../../../arm-none-eabi/lib/armv6-m\libc_nano.a(lib_a-nano-mallocr.o)
                0x20000a40                __malloc_free_list
 .bss.heap_end.4079
                0x20000a44        0x4 c:/siliconlabs/simplicitystudio/v4/developer/toolchains/gnu_arm/4.9_2015q3/bin/../lib/gcc/arm-none-eabi/4.9.3/../../../../arm-none-eabi/lib/armv6-m\libnosys.a(sbrk.o)
 *(COMMON)
 COMMON         0x20000a48       0x64 ./mac/LoRaMac.o
                0x20000a48                LoRaMacFlags
                0x20000a4c                LoRaMacParamsDefaults
                0x20000a7c                LoRaMacParams
 COMMON         0x20000aac       0x78 ./boards/board.o
                0x20000aac                I2c
                0x20000ac8                Uart1
                0x20000b00                Adc
                0x20000b0c                Led0
                0x20000b18                Led1
 COMMON         0x20000b24        0x4 ./CMSIS/EFM32HG/system_efm32hg.o
                0x20000b24                SystemCoreClock
 COMMON         0x20000b28       0x18 ./boards/sx1272-board.o
                0x20000b28                AntTx
                0x20000b34                AntRx
 COMMON         0x20000b40      0x138 ./radio/sx1272.o
                0x20000b40                SX1272
                0x20000c3c                TxTimeoutTimer
                0x20000c50                RxTimeoutSyncWord
                0x20000c64                RxTimeoutTimer
 COMMON         0x20000c78        0x4 c:/siliconlabs/simplicitystudio/v4/developer/toolchains/gnu_arm/4.9_2015q3/bin/../lib/gcc/arm-none-eabi/4.9.3/../../../../arm-none-eabi/lib/armv6-m\libc_nano.a(lib_a-reent.o)
                0x20000c78                errno
                0x20000c7c                . = ALIGN (0x4)
                0x20000c7c                __bss_end__ = .

.heap           0x20000c80      0x400
                0x20000c80                __HeapBase = .
                0x20000c80                __end__ = .
                0x20000c80                end = __end__
                0x20000c80                _end = __end__
 *(.heap*)
 .heap          0x20000c80      0x400 ./CMSIS/EFM32HG/startup_efm32hg.o
                0x20001080                __HeapLimit = .

.stack_dummy    0x20000c80      0x400
 *(.stack*)
 .stack         0x20000c80      0x400 ./CMSIS/EFM32HG/startup_efm32hg.o
                0x20002000                __StackTop = (ORIGIN (RAM) + 0x2000)
                0x20001c00                __StackLimit = (__StackTop - SIZEOF (.stack_dummy))
                0x20002000                PROVIDE (__stack, __StackTop)
                0x00000001                ASSERT ((__StackLimit >= __HeapLimit), region RAM overflowed with stack)
                0x00000001                ASSERT ((0x10000 >= (__etext + SIZEOF (.data))), FLASH memory overflowed !)
OUTPUT(DRAMCO_LoRA.axf elf32-littlearm)

.ARM.attributes
                0x00000000       0x28
 .ARM.attributes
                0x00000000       0x1e c:/siliconlabs/simplicitystudio/v4/developer/toolchains/gnu_arm/4.9_2015q3/bin/../lib/gcc/arm-none-eabi/4.9.3/armv6-m/crti.o
 .ARM.attributes
                0x0000001e       0x2c c:/siliconlabs/simplicitystudio/v4/developer/toolchains/gnu_arm/4.9_2015q3/bin/../lib/gcc/arm-none-eabi/4.9.3/armv6-m/crtbegin.o
 .ARM.attributes
                0x0000004a       0x1b c:/siliconlabs/simplicitystudio/v4/developer/toolchains/gnu_arm/4.9_2015q3/bin/../lib/gcc/arm-none-eabi/4.9.3/../../../../arm-none-eabi/lib/armv6-m/crt0.o
 .ARM.attributes
                0x00000065       0x32 ./system/crypto/aes.o
 .ARM.attributes
                0x00000097       0x32 ./system/crypto/cmac.o
 .ARM.attributes
                0x000000c9       0x32 ./system/delay.o
 .ARM.attributes
                0x000000fb       0x32 ./system/gpio.o
 .ARM.attributes
                0x0000012d       0x32 ./system/timer.o
 .ARM.attributes
                0x0000015f       0x32 ./src/main.o
 .ARM.attributes
                0x00000191       0x32 ./mac/LoRaMac.o
 .ARM.attributes
                0x000001c3       0x32 ./mac/LoRaMacCrypto.o
 .ARM.attributes
                0x000001f5       0x32 ./boards/board.o
 .ARM.attributes
                0x00000227       0x32 ./boards/gpio-board.o
 .ARM.attributes
                0x00000259       0x32 ./boards/rtc-board.o
 .ARM.attributes
                0x0000028b       0x32 ./boards/spi-board.o
 .ARM.attributes
                0x000002bd       0x1b ./CMSIS/EFM32HG/startup_efm32hg.o
 .ARM.attributes
                0x000002d8       0x32 ./CMSIS/EFM32HG/system_efm32hg.o
 .ARM.attributes
                0x0000030a       0x32 ./boards/sx1272-board.o
 .ARM.attributes
                0x0000033c       0x32 ./boards/utilities.o
 .ARM.attributes
                0x0000036e       0x32 ./emlib/em_cmu.o
 .ARM.attributes
                0x000003a0       0x32 ./emlib/em_emu.o
 .ARM.attributes
                0x000003d2       0x32 ./emlib/em_gpio.o
 .ARM.attributes
                0x00000404       0x32 ./emlib/em_rtc.o
 .ARM.attributes
                0x00000436       0x32 ./emlib/em_usart.o
 .ARM.attributes
                0x00000468       0x32 ./radio/sx1272.o
 .ARM.attributes
                0x0000049a       0x2c c:/siliconlabs/simplicitystudio/v4/developer/toolchains/gnu_arm/4.9_2015q3/bin/../lib/gcc/arm-none-eabi/4.9.3/../../../../arm-none-eabi/lib/armv6-m\libm.a(lib_a-s_ceil.o)
 .ARM.attributes
                0x000004c6       0x2c c:/siliconlabs/simplicitystudio/v4/developer/toolchains/gnu_arm/4.9_2015q3/bin/../lib/gcc/arm-none-eabi/4.9.3/../../../../arm-none-eabi/lib/armv6-m\libm.a(lib_a-s_floor.o)
 .ARM.attributes
                0x000004f2       0x2c c:/siliconlabs/simplicitystudio/v4/developer/toolchains/gnu_arm/4.9_2015q3/bin/../lib/gcc/arm-none-eabi/4.9.3/../../../../arm-none-eabi/lib/armv6-m\libm.a(lib_a-s_round.o)
 .ARM.attributes
                0x0000051e       0x1e c:/siliconlabs/simplicitystudio/v4/developer/toolchains/gnu_arm/4.9_2015q3/bin/../lib/gcc/arm-none-eabi/4.9.3/armv6-m\libgcc.a(_udivsi3.o)
 .ARM.attributes
                0x0000053c       0x1e c:/siliconlabs/simplicitystudio/v4/developer/toolchains/gnu_arm/4.9_2015q3/bin/../lib/gcc/arm-none-eabi/4.9.3/armv6-m\libgcc.a(_divsi3.o)
 .ARM.attributes
                0x0000055a       0x1e c:/siliconlabs/simplicitystudio/v4/developer/toolchains/gnu_arm/4.9_2015q3/bin/../lib/gcc/arm-none-eabi/4.9.3/armv6-m\libgcc.a(_dvmd_tls.o)
 .ARM.attributes
                0x00000578       0x1e c:/siliconlabs/simplicitystudio/v4/developer/toolchains/gnu_arm/4.9_2015q3/bin/../lib/gcc/arm-none-eabi/4.9.3/armv6-m\libgcc.a(_arm_cmpdf2.o)
 .ARM.attributes
                0x00000596       0x1e c:/siliconlabs/simplicitystudio/v4/developer/toolchains/gnu_arm/4.9_2015q3/bin/../lib/gcc/arm-none-eabi/4.9.3/armv6-m\libgcc.a(_clzsi2.o)
 .ARM.attributes
                0x000005b4       0x2c c:/siliconlabs/simplicitystudio/v4/developer/toolchains/gnu_arm/4.9_2015q3/bin/../lib/gcc/arm-none-eabi/4.9.3/armv6-m\libgcc.a(_fixunsdfsi.o)
 .ARM.attributes
                0x000005e0       0x2c c:/siliconlabs/simplicitystudio/v4/developer/toolchains/gnu_arm/4.9_2015q3/bin/../lib/gcc/arm-none-eabi/4.9.3/armv6-m\libgcc.a(adddf3.o)
 .ARM.attributes
                0x0000060c       0x2c c:/siliconlabs/simplicitystudio/v4/developer/toolchains/gnu_arm/4.9_2015q3/bin/../lib/gcc/arm-none-eabi/4.9.3/armv6-m\libgcc.a(divdf3.o)
 .ARM.attributes
                0x00000638       0x2c c:/siliconlabs/simplicitystudio/v4/developer/toolchains/gnu_arm/4.9_2015q3/bin/../lib/gcc/arm-none-eabi/4.9.3/armv6-m\libgcc.a(eqdf2.o)
 .ARM.attributes
                0x00000664       0x2c c:/siliconlabs/simplicitystudio/v4/developer/toolchains/gnu_arm/4.9_2015q3/bin/../lib/gcc/arm-none-eabi/4.9.3/armv6-m\libgcc.a(gedf2.o)
 .ARM.attributes
                0x00000690       0x2c c:/siliconlabs/simplicitystudio/v4/developer/toolchains/gnu_arm/4.9_2015q3/bin/../lib/gcc/arm-none-eabi/4.9.3/armv6-m\libgcc.a(ledf2.o)
 .ARM.attributes
                0x000006bc       0x2c c:/siliconlabs/simplicitystudio/v4/developer/toolchains/gnu_arm/4.9_2015q3/bin/../lib/gcc/arm-none-eabi/4.9.3/armv6-m\libgcc.a(muldf3.o)
 .ARM.attributes
                0x000006e8       0x2c c:/siliconlabs/simplicitystudio/v4/developer/toolchains/gnu_arm/4.9_2015q3/bin/../lib/gcc/arm-none-eabi/4.9.3/armv6-m\libgcc.a(subdf3.o)
 .ARM.attributes
                0x00000714       0x2c c:/siliconlabs/simplicitystudio/v4/developer/toolchains/gnu_arm/4.9_2015q3/bin/../lib/gcc/arm-none-eabi/4.9.3/armv6-m\libgcc.a(fixdfsi.o)
 .ARM.attributes
                0x00000740       0x2c c:/siliconlabs/simplicitystudio/v4/developer/toolchains/gnu_arm/4.9_2015q3/bin/../lib/gcc/arm-none-eabi/4.9.3/armv6-m\libgcc.a(floatsidf.o)
 .ARM.attributes
                0x0000076c       0x2c c:/siliconlabs/simplicitystudio/v4/developer/toolchains/gnu_arm/4.9_2015q3/bin/../lib/gcc/arm-none-eabi/4.9.3/armv6-m\libgcc.a(floatunsidf.o)
 .ARM.attributes
                0x00000798       0x2c c:/siliconlabs/simplicitystudio/v4/developer/toolchains/gnu_arm/4.9_2015q3/bin/../lib/gcc/arm-none-eabi/4.9.3/../../../../arm-none-eabi/lib/armv6-m\libc_nano.a(lib_a-exit.o)
 .ARM.attributes
                0x000007c4       0x2c c:/siliconlabs/simplicitystudio/v4/developer/toolchains/gnu_arm/4.9_2015q3/bin/../lib/gcc/arm-none-eabi/4.9.3/../../../../arm-none-eabi/lib/armv6-m\libc_nano.a(lib_a-impure.o)
 .ARM.attributes
                0x000007f0       0x2c c:/siliconlabs/simplicitystudio/v4/developer/toolchains/gnu_arm/4.9_2015q3/bin/../lib/gcc/arm-none-eabi/4.9.3/../../../../arm-none-eabi/lib/armv6-m\libc_nano.a(lib_a-init.o)
 .ARM.attributes
                0x0000081c       0x2c c:/siliconlabs/simplicitystudio/v4/developer/toolchains/gnu_arm/4.9_2015q3/bin/../lib/gcc/arm-none-eabi/4.9.3/../../../../arm-none-eabi/lib/armv6-m\libc_nano.a(lib_a-memcpy.o)
 .ARM.attributes
                0x00000848       0x2c c:/siliconlabs/simplicitystudio/v4/developer/toolchains/gnu_arm/4.9_2015q3/bin/../lib/gcc/arm-none-eabi/4.9.3/../../../../arm-none-eabi/lib/armv6-m\libc_nano.a(lib_a-memset.o)
 .ARM.attributes
                0x00000874       0x2c c:/siliconlabs/simplicitystudio/v4/developer/toolchains/gnu_arm/4.9_2015q3/bin/../lib/gcc/arm-none-eabi/4.9.3/../../../../arm-none-eabi/lib/armv6-m\libc_nano.a(lib_a-printf.o)
 .ARM.attributes
                0x000008a0       0x2c c:/siliconlabs/simplicitystudio/v4/developer/toolchains/gnu_arm/4.9_2015q3/bin/../lib/gcc/arm-none-eabi/4.9.3/../../../../arm-none-eabi/lib/armv6-m\libc_nano.a(lib_a-findfp.o)
 .ARM.attributes
                0x000008cc       0x2c c:/siliconlabs/simplicitystudio/v4/developer/toolchains/gnu_arm/4.9_2015q3/bin/../lib/gcc/arm-none-eabi/4.9.3/../../../../arm-none-eabi/lib/armv6-m\libc_nano.a(lib_a-fwalk.o)
 .ARM.attributes
                0x000008f8       0x2c c:/siliconlabs/simplicitystudio/v4/developer/toolchains/gnu_arm/4.9_2015q3/bin/../lib/gcc/arm-none-eabi/4.9.3/../../../../arm-none-eabi/lib/armv6-m\libc_nano.a(lib_a-nano-mallocr.o)
 .ARM.attributes
                0x00000924       0x2c c:/siliconlabs/simplicitystudio/v4/developer/toolchains/gnu_arm/4.9_2015q3/bin/../lib/gcc/arm-none-eabi/4.9.3/../../../../arm-none-eabi/lib/armv6-m\libc_nano.a(lib_a-nano-vfprintf.o)
 .ARM.attributes
                0x00000950       0x2c c:/siliconlabs/simplicitystudio/v4/developer/toolchains/gnu_arm/4.9_2015q3/bin/../lib/gcc/arm-none-eabi/4.9.3/../../../../arm-none-eabi/lib/armv6-m\libc_nano.a(lib_a-nano-vfprintf_i.o)
 .ARM.attributes
                0x0000097c       0x2c c:/siliconlabs/simplicitystudio/v4/developer/toolchains/gnu_arm/4.9_2015q3/bin/../lib/gcc/arm-none-eabi/4.9.3/../../../../arm-none-eabi/lib/armv6-m\libc_nano.a(lib_a-sbrkr.o)
 .ARM.attributes
                0x000009a8       0x2c c:/siliconlabs/simplicitystudio/v4/developer/toolchains/gnu_arm/4.9_2015q3/bin/../lib/gcc/arm-none-eabi/4.9.3/../../../../arm-none-eabi/lib/armv6-m\libc_nano.a(lib_a-stdio.o)
 .ARM.attributes
                0x000009d4       0x2c c:/siliconlabs/simplicitystudio/v4/developer/toolchains/gnu_arm/4.9_2015q3/bin/../lib/gcc/arm-none-eabi/4.9.3/../../../../arm-none-eabi/lib/armv6-m\libc_nano.a(lib_a-wbuf.o)
 .ARM.attributes
                0x00000a00       0x2c c:/siliconlabs/simplicitystudio/v4/developer/toolchains/gnu_arm/4.9_2015q3/bin/../lib/gcc/arm-none-eabi/4.9.3/../../../../arm-none-eabi/lib/armv6-m\libc_nano.a(lib_a-writer.o)
 .ARM.attributes
                0x00000a2c       0x2c c:/siliconlabs/simplicitystudio/v4/developer/toolchains/gnu_arm/4.9_2015q3/bin/../lib/gcc/arm-none-eabi/4.9.3/../../../../arm-none-eabi/lib/armv6-m\libc_nano.a(lib_a-wsetup.o)
 .ARM.attributes
                0x00000a58       0x2c c:/siliconlabs/simplicitystudio/v4/developer/toolchains/gnu_arm/4.9_2015q3/bin/../lib/gcc/arm-none-eabi/4.9.3/../../../../arm-none-eabi/lib/armv6-m\libc_nano.a(lib_a-closer.o)
 .ARM.attributes
                0x00000a84       0x2c c:/siliconlabs/simplicitystudio/v4/developer/toolchains/gnu_arm/4.9_2015q3/bin/../lib/gcc/arm-none-eabi/4.9.3/../../../../arm-none-eabi/lib/armv6-m\libc_nano.a(lib_a-fflush.o)
 .ARM.attributes
                0x00000ab0       0x2c c:/siliconlabs/simplicitystudio/v4/developer/toolchains/gnu_arm/4.9_2015q3/bin/../lib/gcc/arm-none-eabi/4.9.3/../../../../arm-none-eabi/lib/armv6-m\libc_nano.a(lib_a-lseekr.o)
 .ARM.attributes
                0x00000adc       0x2c c:/siliconlabs/simplicitystudio/v4/developer/toolchains/gnu_arm/4.9_2015q3/bin/../lib/gcc/arm-none-eabi/4.9.3/../../../../arm-none-eabi/lib/armv6-m\libc_nano.a(lib_a-makebuf.o)
 .ARM.attributes
                0x00000b08       0x2c c:/siliconlabs/simplicitystudio/v4/developer/toolchains/gnu_arm/4.9_2015q3/bin/../lib/gcc/arm-none-eabi/4.9.3/../../../../arm-none-eabi/lib/armv6-m\libc_nano.a(lib_a-memchr.o)
 .ARM.attributes
                0x00000b34       0x2c c:/siliconlabs/simplicitystudio/v4/developer/toolchains/gnu_arm/4.9_2015q3/bin/../lib/gcc/arm-none-eabi/4.9.3/../../../../arm-none-eabi/lib/armv6-m\libc_nano.a(lib_a-nano-freer.o)
 .ARM.attributes
                0x00000b60       0x2c c:/siliconlabs/simplicitystudio/v4/developer/toolchains/gnu_arm/4.9_2015q3/bin/../lib/gcc/arm-none-eabi/4.9.3/../../../../arm-none-eabi/lib/armv6-m\libc_nano.a(lib_a-readr.o)
 .ARM.attributes
                0x00000b8c       0x2c c:/siliconlabs/simplicitystudio/v4/developer/toolchains/gnu_arm/4.9_2015q3/bin/../lib/gcc/arm-none-eabi/4.9.3/../../../../arm-none-eabi/lib/armv6-m\libc_nano.a(lib_a-reent.o)
 .ARM.attributes
                0x00000bb8       0x2c c:/siliconlabs/simplicitystudio/v4/developer/toolchains/gnu_arm/4.9_2015q3/bin/../lib/gcc/arm-none-eabi/4.9.3/../../../../arm-none-eabi/lib/armv6-m\libc_nano.a(lib_a-fstatr.o)
 .ARM.attributes
                0x00000be4       0x2c c:/siliconlabs/simplicitystudio/v4/developer/toolchains/gnu_arm/4.9_2015q3/bin/../lib/gcc/arm-none-eabi/4.9.3/../../../../arm-none-eabi/lib/armv6-m\libc_nano.a(lib_a-isattyr.o)
 .ARM.attributes
                0x00000c10       0x2c c:/siliconlabs/simplicitystudio/v4/developer/toolchains/gnu_arm/4.9_2015q3/bin/../lib/gcc/arm-none-eabi/4.9.3/../../../../arm-none-eabi/lib/armv6-m\libnosys.a(close.o)
 .ARM.attributes
                0x00000c3c       0x2c c:/siliconlabs/simplicitystudio/v4/developer/toolchains/gnu_arm/4.9_2015q3/bin/../lib/gcc/arm-none-eabi/4.9.3/../../../../arm-none-eabi/lib/armv6-m\libnosys.a(fstat.o)
 .ARM.attributes
                0x00000c68       0x2c c:/siliconlabs/simplicitystudio/v4/developer/toolchains/gnu_arm/4.9_2015q3/bin/../lib/gcc/arm-none-eabi/4.9.3/../../../../arm-none-eabi/lib/armv6-m\libnosys.a(isatty.o)
 .ARM.attributes
                0x00000c94       0x2c c:/siliconlabs/simplicitystudio/v4/developer/toolchains/gnu_arm/4.9_2015q3/bin/../lib/gcc/arm-none-eabi/4.9.3/../../../../arm-none-eabi/lib/armv6-m\libnosys.a(lseek.o)
 .ARM.attributes
                0x00000cc0       0x2c c:/siliconlabs/simplicitystudio/v4/developer/toolchains/gnu_arm/4.9_2015q3/bin/../lib/gcc/arm-none-eabi/4.9.3/../../../../arm-none-eabi/lib/armv6-m\libnosys.a(read.o)
 .ARM.attributes
                0x00000cec       0x2c c:/siliconlabs/simplicitystudio/v4/developer/toolchains/gnu_arm/4.9_2015q3/bin/../lib/gcc/arm-none-eabi/4.9.3/../../../../arm-none-eabi/lib/armv6-m\libnosys.a(sbrk.o)
 .ARM.attributes
                0x00000d18       0x2c c:/siliconlabs/simplicitystudio/v4/developer/toolchains/gnu_arm/4.9_2015q3/bin/../lib/gcc/arm-none-eabi/4.9.3/../../../../arm-none-eabi/lib/armv6-m\libnosys.a(write.o)
 .ARM.attributes
                0x00000d44       0x2c c:/siliconlabs/simplicitystudio/v4/developer/toolchains/gnu_arm/4.9_2015q3/bin/../lib/gcc/arm-none-eabi/4.9.3/../../../../arm-none-eabi/lib/armv6-m\libnosys.a(_exit.o)
 .ARM.attributes
                0x00000d70       0x2c c:/siliconlabs/simplicitystudio/v4/developer/toolchains/gnu_arm/4.9_2015q3/bin/../lib/gcc/arm-none-eabi/4.9.3/armv6-m/crtend.o
 .ARM.attributes
                0x00000d9c       0x1e c:/siliconlabs/simplicitystudio/v4/developer/toolchains/gnu_arm/4.9_2015q3/bin/../lib/gcc/arm-none-eabi/4.9.3/armv6-m/crtn.o

.comment        0x00000000       0x70
 .comment       0x00000000       0x70 ./system/crypto/aes.o
                                 0x71 (size before relaxing)
 .comment       0x00000000       0x71 ./system/crypto/cmac.o
 .comment       0x00000000       0x71 ./system/delay.o
 .comment       0x00000000       0x71 ./system/gpio.o
 .comment       0x00000000       0x71 ./system/timer.o
 .comment       0x00000000       0x71 ./src/main.o
 .comment       0x00000000       0x71 ./mac/LoRaMac.o
 .comment       0x00000000       0x71 ./mac/LoRaMacCrypto.o
 .comment       0x00000000       0x71 ./boards/board.o
 .comment       0x00000000       0x71 ./boards/gpio-board.o
 .comment       0x00000000       0x71 ./boards/rtc-board.o
 .comment       0x00000000       0x71 ./boards/spi-board.o
 .comment       0x00000000       0x71 ./CMSIS/EFM32HG/system_efm32hg.o
 .comment       0x00000000       0x71 ./boards/sx1272-board.o
 .comment       0x00000000       0x71 ./boards/utilities.o
 .comment       0x00000000       0x71 ./emlib/em_cmu.o
 .comment       0x00000000       0x71 ./emlib/em_emu.o
 .comment       0x00000000       0x71 ./emlib/em_gpio.o
 .comment       0x00000000       0x71 ./emlib/em_rtc.o
 .comment       0x00000000       0x71 ./emlib/em_usart.o
 .comment       0x00000000       0x71 ./radio/sx1272.o

.debug_info     0x00000000     0xe6c7
 .debug_info    0x00000000      0x4c1 ./system/crypto/aes.o
 .debug_info    0x000004c1      0x368 ./system/crypto/cmac.o
 .debug_info    0x00000829       0xfb ./system/delay.o
 .debug_info    0x00000924      0x6d8 ./system/gpio.o
 .debug_info    0x00000ffc      0x4c0 ./system/timer.o
 .debug_info    0x000014bc      0xd48 ./src/main.o
 .debug_info    0x00002204     0x2a1a ./mac/LoRaMac.o
 .debug_info    0x00004c1e      0x4b2 ./mac/LoRaMacCrypto.o
 .debug_info    0x000050d0     0x10b0 ./boards/board.o
 .debug_info    0x00006180      0xf21 ./boards/gpio-board.o
 .debug_info    0x000070a1      0xa7f ./boards/rtc-board.o
 .debug_info    0x00007b20      0xb7e ./boards/spi-board.o
 .debug_info    0x0000869e      0x103 ./CMSIS/EFM32HG/startup_efm32hg.o
 .debug_info    0x000087a1      0x48d ./CMSIS/EFM32HG/system_efm32hg.o
 .debug_info    0x00008c2e     0x114a ./boards/sx1272-board.o
 .debug_info    0x00009d78      0x2a2 ./boards/utilities.o
 .debug_info    0x0000a01a     0x122b ./emlib/em_cmu.o
 .debug_info    0x0000b245      0x645 ./emlib/em_emu.o
 .debug_info    0x0000b88a      0x649 ./emlib/em_gpio.o
 .debug_info    0x0000bed3      0x332 ./emlib/em_rtc.o
 .debug_info    0x0000c205      0xe41 ./emlib/em_usart.o
 .debug_info    0x0000d046     0x1681 ./radio/sx1272.o

.debug_abbrev   0x00000000     0x23e7
 .debug_abbrev  0x00000000      0x123 ./system/crypto/aes.o
 .debug_abbrev  0x00000123       0xff ./system/crypto/cmac.o
 .debug_abbrev  0x00000222       0x7a ./system/delay.o
 .debug_abbrev  0x0000029c      0x106 ./system/gpio.o
 .debug_abbrev  0x000003a2      0x207 ./system/timer.o
 .debug_abbrev  0x000005a9      0x1e3 ./src/main.o
 .debug_abbrev  0x0000078c      0x2e4 ./mac/LoRaMac.o
 .debug_abbrev  0x00000a70       0xeb ./mac/LoRaMacCrypto.o
 .debug_abbrev  0x00000b5b      0x229 ./boards/board.o
 .debug_abbrev  0x00000d84      0x253 ./boards/gpio-board.o
 .debug_abbrev  0x00000fd7      0x2a5 ./boards/rtc-board.o
 .debug_abbrev  0x0000127c      0x186 ./boards/spi-board.o
 .debug_abbrev  0x00001402       0x14 ./CMSIS/EFM32HG/startup_efm32hg.o
 .debug_abbrev  0x00001416      0x142 ./CMSIS/EFM32HG/system_efm32hg.o
 .debug_abbrev  0x00001558      0x19a ./boards/sx1272-board.o
 .debug_abbrev  0x000016f2       0xe2 ./boards/utilities.o
 .debug_abbrev  0x000017d4      0x2be ./emlib/em_cmu.o
 .debug_abbrev  0x00001a92      0x1bc ./emlib/em_emu.o
 .debug_abbrev  0x00001c4e      0x1c5 ./emlib/em_gpio.o
 .debug_abbrev  0x00001e13      0x185 ./emlib/em_rtc.o
 .debug_abbrev  0x00001f98      0x1e4 ./emlib/em_usart.o
 .debug_abbrev  0x0000217c      0x26b ./radio/sx1272.o

.debug_loc      0x00000000     0x41a6
 .debug_loc     0x00000000      0x230 ./system/crypto/aes.o
 .debug_loc     0x00000230       0xe2 ./system/crypto/cmac.o
 .debug_loc     0x00000312       0x70 ./system/delay.o
 .debug_loc     0x00000382      0x150 ./system/gpio.o
 .debug_loc     0x000004d2      0x324 ./system/timer.o
 .debug_loc     0x000007f6      0x18a ./src/main.o
 .debug_loc     0x00000980      0xa13 ./mac/LoRaMac.o
 .debug_loc     0x00001393      0x150 ./mac/LoRaMacCrypto.o
 .debug_loc     0x000014e3      0x328 ./boards/board.o
 .debug_loc     0x0000180b      0x3e4 ./boards/gpio-board.o
 .debug_loc     0x00001bef      0x46a ./boards/rtc-board.o
 .debug_loc     0x00002059      0x150 ./boards/spi-board.o
 .debug_loc     0x000021a9      0x1e8 ./CMSIS/EFM32HG/system_efm32hg.o
 .debug_loc     0x00002391      0x230 ./boards/sx1272-board.o
 .debug_loc     0x000025c1      0x17c ./boards/utilities.o
 .debug_loc     0x0000273d      0x860 ./emlib/em_cmu.o
 .debug_loc     0x00002f9d      0x22c ./emlib/em_emu.o
 .debug_loc     0x000031c9      0x268 ./emlib/em_gpio.o
 .debug_loc     0x00003431      0x1a8 ./emlib/em_rtc.o
 .debug_loc     0x000035d9      0x49a ./emlib/em_usart.o
 .debug_loc     0x00003a73      0x733 ./radio/sx1272.o

.debug_aranges  0x00000000      0xbd8
 .debug_aranges
                0x00000000       0x68 ./system/crypto/aes.o
 .debug_aranges
                0x00000068       0x38 ./system/crypto/cmac.o
 .debug_aranges
                0x000000a0       0x28 ./system/delay.o
 .debug_aranges
                0x000000c8       0x48 ./system/gpio.o
 .debug_aranges
                0x00000110       0x90 ./system/timer.o
 .debug_aranges
                0x000001a0       0x50 ./src/main.o
 .debug_aranges
                0x000001f0      0x190 ./mac/LoRaMac.o
 .debug_aranges
                0x00000380       0x48 ./mac/LoRaMacCrypto.o
 .debug_aranges
                0x000003c8       0xa0 ./boards/board.o
 .debug_aranges
                0x00000468       0xa8 ./boards/gpio-board.o
 .debug_aranges
                0x00000510       0xc0 ./boards/rtc-board.o
 .debug_aranges
                0x000005d0       0x48 ./boards/spi-board.o
 .debug_aranges
                0x00000618       0x20 ./CMSIS/EFM32HG/startup_efm32hg.o
 .debug_aranges
                0x00000638       0x68 ./CMSIS/EFM32HG/system_efm32hg.o
 .debug_aranges
                0x000006a0       0x68 ./boards/sx1272-board.o
 .debug_aranges
                0x00000708       0x50 ./boards/utilities.o
 .debug_aranges
                0x00000758      0x158 ./emlib/em_cmu.o
 .debug_aranges
                0x000008b0       0x70 ./emlib/em_emu.o
 .debug_aranges
                0x00000920       0x70 ./emlib/em_gpio.o
 .debug_aranges
                0x00000990       0x58 ./emlib/em_rtc.o
 .debug_aranges
                0x000009e8       0xc0 ./emlib/em_usart.o
 .debug_aranges
                0x00000aa8      0x130 ./radio/sx1272.o

.debug_ranges   0x00000000      0xa68
 .debug_ranges  0x00000000       0x58 ./system/crypto/aes.o
 .debug_ranges  0x00000058       0x28 ./system/crypto/cmac.o
 .debug_ranges  0x00000080       0x18 ./system/delay.o
 .debug_ranges  0x00000098       0x38 ./system/gpio.o
 .debug_ranges  0x000000d0       0x80 ./system/timer.o
 .debug_ranges  0x00000150       0x40 ./src/main.o
 .debug_ranges  0x00000190      0x180 ./mac/LoRaMac.o
 .debug_ranges  0x00000310       0x38 ./mac/LoRaMacCrypto.o
 .debug_ranges  0x00000348       0x90 ./boards/board.o
 .debug_ranges  0x000003d8       0x98 ./boards/gpio-board.o
 .debug_ranges  0x00000470       0xb0 ./boards/rtc-board.o
 .debug_ranges  0x00000520       0x38 ./boards/spi-board.o
 .debug_ranges  0x00000558       0x58 ./CMSIS/EFM32HG/system_efm32hg.o
 .debug_ranges  0x000005b0       0x58 ./boards/sx1272-board.o
 .debug_ranges  0x00000608       0x40 ./boards/utilities.o
 .debug_ranges  0x00000648      0x148 ./emlib/em_cmu.o
 .debug_ranges  0x00000790       0x60 ./emlib/em_emu.o
 .debug_ranges  0x000007f0       0x60 ./emlib/em_gpio.o
 .debug_ranges  0x00000850       0x48 ./emlib/em_rtc.o
 .debug_ranges  0x00000898       0xb0 ./emlib/em_usart.o
 .debug_ranges  0x00000948      0x120 ./radio/sx1272.o

.debug_line     0x00000000     0x5e35
 .debug_line    0x00000000      0x2b7 ./system/crypto/aes.o
 .debug_line    0x000002b7      0x246 ./system/crypto/cmac.o
 .debug_line    0x000004fd      0x143 ./system/delay.o
 .debug_line    0x00000640      0x1ec ./system/gpio.o
 .debug_line    0x0000082c      0x384 ./system/timer.o
 .debug_line    0x00000bb0      0x2a2 ./src/main.o
 .debug_line    0x00000e52      0xd43 ./mac/LoRaMac.o
 .debug_line    0x00001b95      0x259 ./mac/LoRaMacCrypto.o
 .debug_line    0x00001dee      0x52a ./boards/board.o
 .debug_line    0x00002318      0x526 ./boards/gpio-board.o
 .debug_line    0x0000283e      0x4b8 ./boards/rtc-board.o
 .debug_line    0x00002cf6      0x347 ./boards/spi-board.o
 .debug_line    0x0000303d       0xcf ./CMSIS/EFM32HG/startup_efm32hg.o
 .debug_line    0x0000310c      0x2e1 ./CMSIS/EFM32HG/system_efm32hg.o
 .debug_line    0x000033ed      0x39d ./boards/sx1272-board.o
 .debug_line    0x0000378a      0x1a8 ./boards/utilities.o
 .debug_line    0x00003932      0x91f ./emlib/em_cmu.o
 .debug_line    0x00004251      0x4a5 ./emlib/em_emu.o
 .debug_line    0x000046f6      0x426 ./emlib/em_gpio.o
 .debug_line    0x00004b1c      0x323 ./emlib/em_rtc.o
 .debug_line    0x00004e3f      0x5c7 ./emlib/em_usart.o
 .debug_line    0x00005406      0xa2f ./radio/sx1272.o

.debug_str      0x00000000     0x5245
 .debug_str     0x00000000      0x283 ./system/crypto/aes.o
                                0x2d1 (size before relaxing)
 .debug_str     0x00000283       0x8f ./system/crypto/cmac.o
                                0x295 (size before relaxing)
 .debug_str     0x00000312       0x32 ./system/delay.o
                                0x213 (size before relaxing)
 .debug_str     0x00000344      0x4da ./system/gpio.o
                                0x6e5 (size before relaxing)
 .debug_str     0x0000081e      0x1e1 ./system/timer.o
                                0x415 (size before relaxing)
 .debug_str     0x000009ff      0xbac ./src/main.o
                                0xf57 (size before relaxing)
 .debug_str     0x000015ab     0x1020 ./mac/LoRaMac.o
                               0x2035 (size before relaxing)
 .debug_str     0x000025cb      0x10e ./mac/LoRaMacCrypto.o